This is XeTeX, Version 3.14159265-2.6-0.99996 (TeX Live 2016/W32TeX) (preloaded format=xelatex 2016.12.2)  27 MAR 2017 18:24
entering extended mode
 restricted \write18 enabled.
 %&-line parsing enabled.
**./test.tex
(./test.tex
LaTeX2e <2016/03/31>
Babel <3.9r> and hyphenation patterns for 83 language(s) loaded.
(i:/texlive/2016/texmf-dist/tex/latex/base/book.cls
Document Class: book 2014/09/29 v1.4h Standard LaTeX document class
(i:/texlive/2016/texmf-dist/tex/latex/base/bk12.clo
File: bk12.clo 2014/09/29 v1.4h Standard LaTeX file (size option)
)
\c@part=\count79
\c@chapter=\count80
\c@section=\count81
\c@subsection=\count82
\c@subsubsection=\count83
\c@paragraph=\count84
\c@subparagraph=\count85
\c@figure=\count86
\c@table=\count87
\abovecaptionskip=\skip41
\belowcaptionskip=\skip42
\bibindent=\dimen102
)
(i:/texlive/2016/texmf-dist/tex/xelatex/xecjk/xeCJK.sty
(i:/texlive/2016/texmf-dist/tex/latex/l3kernel/expl3.sty
Package: expl3 2016/05/18 v6512 L3 programming layer (loader) 

(i:/texlive/2016/texmf-dist/tex/latex/l3kernel/expl3-code.tex
Package: expl3 2016/05/18 v6512 L3 programming layer (code)
L3 Module: l3bootstrap 2016/02/12 v6412 L3 Bootstrap code
L3 Module: l3names 2016/03/11 v6433 L3 Namespace for primitives
L3 Module: l3basics 2015/11/22 v6315 L3 Basic definitions
L3 Module: l3expan 2015/09/10 v5983 L3 Argument expansion
L3 Module: l3tl 2016/03/26 v6465 L3 Token lists
L3 Module: l3str 2016/03/24 v6441 L3 Strings
L3 Module: l3seq 2015/08/05 v5777 L3 Sequences and stacks
L3 Module: l3int 2016/03/24 v6441 L3 Integers
\c_max_int=\count88
\l_tmpa_int=\count89
\l_tmpb_int=\count90
\g_tmpa_int=\count91
\g_tmpb_int=\count92
L3 Module: l3quark 2015/08/17 v5855 L3 Quarks
L3 Module: l3prg 2015/11/01 v6216 L3 Control structures
\g__prg_map_int=\count93
L3 Module: l3clist 2015/09/02 v5901 L3 Comma separated lists
L3 Module: l3token 2016/04/03 v6470 L3 Experimental token manipulation
L3 Module: l3prop 2016/01/05 v6366 L3 Property lists
L3 Module: l3msg 2016/03/26 v6464 L3 Messages
L3 Module: l3file 2016/03/25 v6458 L3 File and I/O operations
\l_iow_line_count_int=\count94
\l__iow_target_count_int=\count95
\l__iow_current_line_int=\count96
\l__iow_current_word_int=\count97
\l__iow_current_indentation_int=\count98
L3 Module: l3skip 2016/01/05 v6366 L3 Dimensions and skips
\c_zero_dim=\dimen103
\c_max_dim=\dimen104
\l_tmpa_dim=\dimen105
\l_tmpb_dim=\dimen106
\g_tmpa_dim=\dimen107
\g_tmpb_dim=\dimen108
\c_zero_skip=\skip43
\c_max_skip=\skip44
\l_tmpa_skip=\skip45
\l_tmpb_skip=\skip46
\g_tmpa_skip=\skip47
\g_tmpb_skip=\skip48
\c_zero_muskip=\muskip10
\c_max_muskip=\muskip11
\l_tmpa_muskip=\muskip12
\l_tmpb_muskip=\muskip13
\g_tmpa_muskip=\muskip14
\g_tmpb_muskip=\muskip15
L3 Module: l3keys 2015/11/17 v6284 L3 Key-value interfaces
\g__keyval_level_int=\count99
\l_keys_choice_int=\count100
L3 Module: l3fp 2016/03/26 v6465 L3 Floating points
\c__fp_leading_shift_int=\count101
\c__fp_middle_shift_int=\count102
\c__fp_trailing_shift_int=\count103
\c__fp_big_leading_shift_int=\count104
\c__fp_big_middle_shift_int=\count105
\c__fp_big_trailing_shift_int=\count106
\c__fp_Bigg_leading_shift_int=\count107
\c__fp_Bigg_middle_shift_int=\count108
\c__fp_Bigg_trailing_shift_int=\count109
L3 Module: l3box 2015/08/09 v5822 L3 Experimental boxes
\c_empty_box=\box26
\l_tmpa_box=\box27
\l_tmpb_box=\box28
\g_tmpa_box=\box29
\g_tmpb_box=\box30
L3 Module: l3coffins 2016/05/17 v6508 L3 Coffin code layer
\l__coffin_internal_box=\box31
\l__coffin_internal_dim=\dimen109
\l__coffin_offset_x_dim=\dimen110
\l__coffin_offset_y_dim=\dimen111
\l__coffin_x_dim=\dimen112
\l__coffin_y_dim=\dimen113
\l__coffin_x_prime_dim=\dimen114
\l__coffin_y_prime_dim=\dimen115
\c_empty_coffin=\box32
\l__coffin_aligned_coffin=\box33
\l__coffin_aligned_internal_coffin=\box34
\l_tmpa_coffin=\box35
\l_tmpb_coffin=\box36
\l__coffin_display_coffin=\box37
\l__coffin_display_coord_coffin=\box38
\l__coffin_display_pole_coffin=\box39
\l__coffin_display_offset_dim=\dimen116
\l__coffin_display_x_dim=\dimen117
\l__coffin_display_y_dim=\dimen118
L3 Module: l3color 2014/08/23 v5354 L3 Experimental color support
L3 Module: l3sys 2015/09/25 v6087 L3 Experimental system/runtime functions
L3 Module: l3candidates 2016/05/13 v6484 L3 Experimental additions to l3kernel
\l__box_top_dim=\dimen119
\l__box_bottom_dim=\dimen120
\l__box_left_dim=\dimen121
\l__box_right_dim=\dimen122
\l__box_top_new_dim=\dimen123
\l__box_bottom_new_dim=\dimen124
\l__box_left_new_dim=\dimen125
\l__box_right_new_dim=\dimen126
\l__box_internal_box=\box40
\l__coffin_bounding_shift_dim=\dimen127
\l__coffin_left_corner_dim=\dimen128
\l__coffin_right_corner_dim=\dimen129
\l__coffin_bottom_corner_dim=\dimen130
\l__coffin_top_corner_dim=\dimen131
\l__coffin_scaled_total_height_dim=\dimen132
\l__coffin_scaled_width_dim=\dimen133
L3 Module: l3luatex 2016/03/26 v6465 L3 Experimental LuaTeX-specific functions
)
(i:/texlive/2016/texmf-dist/tex/latex/l3kernel/l3xdvipdfmx.def
File: l3xdvidpfmx.def 2016/03/26 v6465 L3 Experimental driver: xdvipdfmx
\l__driver_tmp_box=\box41
))
Package: xeCJK 2016/05/14 v3.4.0 Typesetting CJK scripts with XeLaTeX

(i:/texlive/2016/texmf-dist/tex/latex/l3packages/xtemplate/xtemplate.sty
Package: xtemplate 2016/05/18 v6512 L3 Experimental prototype document function
s
\l__xtemplate_tmp_dim=\dimen134
\l__xtemplate_tmp_int=\count110
\l__xtemplate_tmp_muskip=\muskip16
\l__xtemplate_tmp_skip=\skip49
)
(i:/texlive/2016/texmf-dist/tex/latex/l3packages/xparse/xparse.sty
Package: xparse 2016/05/18 v6512 L3 Experimental document command parser
\l__xparse_current_arg_int=\count111
\l__xparse_m_args_int=\count112
\l__xparse_mandatory_args_int=\count113
\l__xparse_processor_int=\count114
\l__xparse_v_nesting_int=\count115
)
(i:/texlive/2016/texmf-dist/tex/latex/l3packages/l3keys2e/l3keys2e.sty
Package: l3keys2e 2016/05/18 v6512 LaTeX2e option processing using LaTeX3 keys
)
\l__xeCJK_tmp_int=\count116
\l__xeCJK_tmp_box=\box42
\l__xeCJK_tmp_dim=\dimen135
\l__xeCJK_tmp_skip=\skip50
.................................................
. LaTeX info: "xparse/define-command"
. 
. Defining command \xeCJKShipoutHook with sig. '' on line 148.
.................................................
\g__xeCJK_spacefactor_int=\count117
\l__xeCJK_begin_int=\count118
\l__xeCJK_end_int=\count119
.................................................
. LaTeX info: "xparse/define-command"
. 
. Defining command \makexeCJKactive with sig. '' on line 377.
.................................................
.................................................
. LaTeX info: "xparse/define-command"
. 
. Defining command \makexeCJKinactive with sig. '' on line 378.
.................................................
\c__xeCJK_CJK_class_int=\XeTeXcharclass1
\c__xeCJK_FullLeft_class_int=\XeTeXcharclass2
\c__xeCJK_FullRight_class_int=\XeTeXcharclass3
\c__xeCJK_HalfLeft_class_int=\XeTeXcharclass4
\c__xeCJK_HalfRight_class_int=\XeTeXcharclass5
\c__xeCJK_NormalSpace_class_int=\XeTeXcharclass6
\c__xeCJK_CM_class_int=\XeTeXcharclass7
\c__xeCJK_HangulJamo_class_int=\XeTeXcharclass8
.................................................
. LaTeX info: "xparse/define-command"
. 
. Defining command \xeCJKDeclareCharClass with sig. 's>{\TrimSpaces }mm' on
. line 552.
.................................................
.................................................
. LaTeX info: "xparse/define-command"
. 
. Defining command \__xeCJK_set_char_class_aux:Nnw with sig.
. 'm>{\SplitArgument {1}{->}}m' on line 573.
.................................................
.................................................
. LaTeX info: "xparse/define-command"
. 
. Defining command \normalspacedchars with sig. 'm' on line 618.
.................................................
.................................................
. LaTeX info: "xparse/define-command"
. 
. Defining command \xeCJKResetPunctClass with sig. '' on line 629.
.................................................
.................................................
. LaTeX info: "xparse/define-command"
. 
. Defining command \xeCJKResetCharClass with sig. '' on line 641.
.................................................
\l__xeCJK_last_skip=\skip51
\g__xeCJK_node_int=\count120
\c__xeCJK_CJK_node_dim=\dimen136
\c__xeCJK_CJK-space_node_dim=\dimen137
\c__xeCJK_default_node_dim=\dimen138
\c__xeCJK_default-space_node_dim=\dimen139
\c__xeCJK_CJK-widow_node_dim=\dimen140
\c__xeCJK_normalspace_node_dim=\dimen141
\l__xeCJK_ccglue_skip=\skip52
\l__xeCJK_ecglue_skip=\skip53
.................................................
. LaTeX info: "xparse/define-command"
. 
. Defining command \xeCJKnobreak with sig. '' on line 1433.
.................................................
\l__xeCJK_widow_penalty_int=\count121
.................................................
. LaTeX info: "xparse/define-command"
. 
. Defining command \xeCJKDeclareSubCJKBlock with sig. 's>{\TrimSpaces }mm' on
. line 1629.
.................................................
.................................................
. LaTeX info: "xparse/define-command"
. 
. Defining command \xeCJKCancelSubCJKBlock with sig. 'sm' on line 1640.
.................................................
.................................................
. LaTeX info: "xparse/define-command"
. 
. Defining command \xeCJKRestoreSubCJKBlock with sig. 'sm' on line 1649.
.................................................
.................................................
. LaTeX info: "xparse/define-command"
. 
. Defining command \xeCJKsetwidth with sig. 'smm' on line 1747.
.................................................
.................................................
. LaTeX info: "xparse/define-command"
. 
. Defining command \xeCJKsetkern with sig. 'mmm' on line 1751.
.................................................
.................................................
. xtemplate info: "declare-object-type"
. 
. Declaring object type 'xeCJK/punctuation' taking \c_zero  argument(s) on
. line 1888.
.................................................
\l__xeCJK_fixed_punct_width_dim=\dimen142
\l__xeCJK_mixed_punct_width_dim=\dimen143
\l__xeCJK_middle_punct_width_dim=\dimen144
\l__xeCJK_fixed_margin_width_dim=\dimen145
\l__xeCJK_mixed_margin_width_dim=\dimen146
\l__xeCJK_middle_margin_width_dim=\dimen147
\l__xeCJK_bound_punct_width_dim=\dimen148
\l__xeCJK_bound_margin_width_dim=\dimen149
\l__xeCJK_margin_minimum_dim=\dimen150
\l__xeCJK_kerning_total_width_dim=\dimen151
\l__xeCJK_same_align_margin_dim=\dimen152
\l__xeCJK_different_align_margin_dim=\dimen153
\l__xeCJK_kerning_margin_width_dim=\dimen154
\l__xeCJK_kerning_margin_minimum_dim=\dimen155
\l__xeCJK_bound_dim=\dimen156
\l__xeCJK_reverse_bound_dim=\dimen157
\l__xeCJK_minimum_bound_dim=\dimen158
\l__xeCJK_kerning_margin_dim=\dimen159
\l__xeCJK_original_margin_dim=\dimen160
.................................................
. LaTeX info: "xparse/define-command"
. 
. Defining command \xeCJKDeclarePunctStyle with sig. '>{\TrimSpaces }mm' on
. line 2379.
.................................................
.................................................
. LaTeX info: "xparse/define-command"
. 
. Defining command \xeCJKEditPunctStyle with sig. '>{\TrimSpaces }mm' on line
. 2392.
.................................................
.................................................
. LaTeX info: "xparse/define-command"
. 
. Defining command \setCJKfallbackfamilyfont with sig. 'mO{}m' on line 2480.
.................................................
\g__xeCJK_family_int=\count122
.................................................
. LaTeX info: "xparse/define-command"
. 
. Defining command \CJKfamily with sig. 't+t-m' on line 2909.
.................................................
.................................................
. LaTeX info: "xparse/define-command"
. 
. Defining command \__xeCJK_gobble_CJKfamily:wn with sig. 't+t-m' on line
. 2923.
.................................................
.................................................
. LaTeX info: "xparse/define-command"
. 
. Defining command \setCJKmainfont with sig. 'O{}m' on line 2973.
.................................................
.................................................
. LaTeX info: "xparse/define-command"
. 
. Defining command \setCJKsansfont with sig. 'O{}m' on line 2979.
.................................................
.................................................
. LaTeX info: "xparse/define-command"
. 
. Defining command \setCJKmonofont with sig. 'O{}m' on line 2984.
.................................................
.................................................
. LaTeX info: "xparse/define-command"
. 
. Defining command \setCJKfamilyfont with sig. 'mO{}m' on line 2991.
.................................................
.................................................
. LaTeX info: "xparse/define-command"
. 
. Defining command \newCJKfontfamily with sig. 'omO{}m' on line 2997.
.................................................
.................................................
. LaTeX info: "xparse/define-command"
. 
. Defining command \CJKfontspec with sig. 'O{}m' on line 3002.
.................................................
.................................................
. LaTeX info: "xparse/define-command"
. 
. Defining command \defaultCJKfontfeatures with sig. 'm' on line 3025.
.................................................
.................................................
. LaTeX info: "xparse/define-command"
. 
. Defining command \addCJKfontfeatures with sig. 'sO{}m' on line 3031.
.................................................
.................................................
. LaTeX info: "xparse/define-command"
. 
. Defining command \setCJKmathfont with sig. 'O{}m' on line 3199.
.................................................
\l__xeCJK_fam_int=\count123
\g__xeCJK_fam_allocation_int=\count124
\l__xeCJK_verb_case_int=\count125
.................................................
. LaTeX info: "xparse/define-command"
. 
. Defining command \xeCJKVerbAddon with sig. '' on line 3439.
.................................................
.................................................
. LaTeX info: "xparse/define-command"
. 
. Defining command \xeCJKOffVerbAddon with sig. '' on line 3443.
.................................................
\l__xeCJK_verb_exspace_skip=\skip54

*************************************************
* xeCJK warning: "option-deprecated"
* 
* The `CJKnumber' option is deprecated.
* You may load the package `CJKnumb' after xeCJK to use its function.
* 
*************************************************
(i:/texlive/2016/texmf-dist/tex/latex/fontspec/fontspec.sty
Package: fontspec 2016/02/01 v2.5a Font selection for XeLaTeX and LuaLaTeX

(i:/texlive/2016/texmf-dist/tex/latex/fontspec/fontspec-xetex.sty
Package: fontspec-xetex 2016/02/01 v2.5a Font selection for XeLaTeX and LuaLaTe
X
\l_fontspec_script_int=\count126
\l_fontspec_language_int=\count127
\l_fontspec_strnum_int=\count128
\l__fontspec_tmpa_dim=\dimen161
\l__fontspec_tmpb_dim=\dimen162
\l__fontspec_tmpc_dim=\dimen163
\g__file_internal_ior=\read1

(i:/texlive/2016/texmf-dist/tex/latex/base/fontenc.sty
Package: fontenc 2005/09/27 v1.99g Standard LaTeX package

(i:/texlive/2016/texmf-dist/tex/latex/euenc/eu1enc.def
File: eu1enc.def 2010/05/27 v0.1h Experimental Unicode font encodings
)
LaTeX Font Info:    Try loading font information for EU1+lmr on input line 105.


(i:/texlive/2016/texmf-dist/tex/latex/euenc/eu1lmr.fd
File: eu1lmr.fd 2009/10/30 v1.6 Font defs for Latin Modern
))
(i:/texlive/2016/texmf-dist/tex/xelatex/xunicode/xunicode.sty
File: xunicode.sty 2011/09/09 v0.981 provides access to latin accents and many 
other characters in Unicode lower plane

(i:/texlive/2016/texmf-dist/tex/latex/tipa/t3enc.def
File: t3enc.def 2001/12/31 T3 encoding
LaTeX Font Info:    Try loading font information for EU1+lmss on input line 357
.

(i:/texlive/2016/texmf-dist/tex/latex/euenc/eu1lmss.fd
File: eu1lmss.fd 2009/10/30 v1.6 Font defs for Latin Modern
))
\tipaTiiicode=\count129
\tipasavetokens=\toks14
\tipachecktokens=\toks15

(i:/texlive/2016/texmf-dist/tex/latex/graphics/graphicx.sty
Package: graphicx 2014/10/28 v1.0g Enhanced LaTeX Graphics (DPC,SPQR)

(i:/texlive/2016/texmf-dist/tex/latex/graphics/keyval.sty
Package: keyval 2014/10/28 v1.15 key=value parser (DPC)
\KV@toks@=\toks16
)
(i:/texlive/2016/texmf-dist/tex/latex/graphics/graphics.sty
Package: graphics 2016/05/09 v1.0r Standard LaTeX Graphics (DPC,SPQR)

(i:/texlive/2016/texmf-dist/tex/latex/graphics/trig.sty
Package: trig 2016/01/03 v1.10 sin cos tan (DPC)
)
(i:/texlive/2016/texmf-dist/tex/latex/graphics-cfg/graphics.cfg
File: graphics.cfg 2016/01/02 v1.10 sample graphics configuration
)
Package graphics Info: Driver file: xetex.def on input line 96.

(i:/texlive/2016/texmf-dist/tex/xelatex/xetex-def/xetex.def
File: xetex.def 2016/04/06 v4.08 LaTeX color/graphics driver for XeTeX (TeX Liv
e/RRM/JK)

(i:/texlive/2016/texmf-dist/tex/generic/oberdiek/infwarerr.sty
Package: infwarerr 2016/05/16 v1.4 Providing info/warning/error messages (HO)
)
(i:/texlive/2016/texmf-dist/tex/generic/oberdiek/ltxcmds.sty
Package: ltxcmds 2016/05/16 v1.23 LaTeX kernel commands for general use (HO)
)))
\Gin@req@height=\dimen164
\Gin@req@width=\dimen165
))
.................................................
. LaTeX info: "xparse/define-command"
. 
. Defining command \__fontspec_post_arg:w with sig. 'mmO{}' on line 353.
.................................................
.................................................
. LaTeX info: "xparse/define-command"
. 
. Defining command \fontspec with sig. 'om' on line 355.
.................................................
.................................................
. LaTeX info: "xparse/define-command"
. 
. Defining command \setmainfont with sig. 'om' on line 365.
.................................................
.................................................
. LaTeX info: "xparse/define-command"
. 
. Defining command \setsansfont with sig. 'om' on line 375.
.................................................
.................................................
. LaTeX info: "xparse/define-command"
. 
. Defining command \setmonofont with sig. 'om' on line 385.
.................................................
.................................................
. LaTeX info: "xparse/define-command"
. 
. Defining command \setmathrm with sig. 'om' on line 399.
.................................................
.................................................
. LaTeX info: "xparse/define-command"
. 
. Defining command \setboldmathrm with sig. 'om' on line 407.
.................................................
.................................................
. LaTeX info: "xparse/define-command"
. 
. Defining command \setmathsf with sig. 'om' on line 415.
.................................................
.................................................
. LaTeX info: "xparse/define-command"
. 
. Defining command \setmathtt with sig. 'om' on line 423.
.................................................
.................................................
. LaTeX info: "xparse/define-command"
. 
. Defining command \newfontfamily with sig. 'mom' on line 437.
.................................................
.................................................
. LaTeX info: "xparse/define-command"
. 
. Defining command \newfontface with sig. 'mom' on line 453.
.................................................
.................................................
. LaTeX info: "xparse/define-command"
. 
. Defining command \defaultfontfeatures with sig. 't+om' on line 467.
.................................................
.................................................
. LaTeX info: "xparse/define-command"
. 
. Defining command \addfontfeatures with sig. 'm' on line 529.
.................................................
.................................................
. LaTeX info: "xparse/define-command"
. 
. Defining command \newfontfeature with sig. 'mm' on line 540.
.................................................
.................................................
. LaTeX info: "xparse/define-command"
. 
. Defining command \newAATfeature with sig. 'mmmm' on line 548.
.................................................
.................................................
. LaTeX info: "xparse/define-command"
. 
. Defining command \newopentypefeature with sig. 'mmm' on line 556.
.................................................
.................................................
. LaTeX info: "xparse/define-command"
. 
. Defining command \aliasfontfeature with sig. 'mm' on line 577.
.................................................
.................................................
. LaTeX info: "xparse/define-command"
. 
. Defining command \aliasfontfeatureoption with sig. 'mmm' on line 586.
.................................................
.................................................
. LaTeX info: "xparse/define-command"
. 
. Defining command \newfontscript with sig. 'mm' on line 590.
.................................................
.................................................
. LaTeX info: "xparse/define-command"
. 
. Defining command \newfontlanguage with sig. 'mm' on line 594.
.................................................
.................................................
. LaTeX info: "xparse/define-command"
. 
. Defining command \DeclareFontsExtensions with sig. 'm' on line 599.
.................................................
\l__fontspec_tmp_int=\count130

(i:/texlive/2016/texmf-dist/tex/latex/fontspec/fontspec.cfg)
LaTeX Info: Redefining \itshape on input line 2705.
LaTeX Info: Redefining \slshape on input line 2710.
LaTeX Info: Redefining \scshape on input line 2715.
LaTeX Info: Redefining \upshape on input line 2720.
\l__fontspec_em_int=\count131
\l__fontspec_emdef_int=\count132
LaTeX Info: Redefining \em on input line 2736.
LaTeX Info: Redefining \emph on input line 2742.
LaTeX Info: Redefining \- on input line 2746.
.................................................
. LaTeX info: "xparse/redefine-command"
. 
. Redefining command \oldstylenums with sig. 'm' on line 2841.
.................................................
.................................................
. LaTeX info: "xparse/define-command"
. 
. Defining command \liningnums with sig. 'm' on line 2845.
.................................................
))
(i:/texlive/2016/texmf-dist/tex/xelatex/xecjk/xunicode-addon.sty
Package: xunicode-addon 2016/05/14 v3.4.0 addon file for xunicode
.................................................
. LaTeX info: "xparse/redefine-command"
. 
. Redefining command \ReloadXunicode with sig. 'm' on line 84.
.................................................
.................................................
. LaTeX info: "xparse/redefine-command"
. 
. Redefining command \DeclareUTFmathsymbols with sig. 'm' on line 129.
.................................................
.................................................
. LaTeX info: "xparse/redefine-command"
. 
. Redefining command \UseMathAsText with sig. '' on line 138.
.................................................
.................................................
. LaTeX info: "xparse/redefine-command"
. 
. Redefining command \UndeclareUTFcharacter with sig. 'O{\UTFencname }mm' on
. line 173.
.................................................
.................................................
. LaTeX info: "xparse/redefine-command"
. 
. Redefining command \UndeclareUTFcomposite with sig. 'O{\UTFencname }mmm' on
. line 180.
.................................................
.................................................
. LaTeX info: "xparse/redefine-command"
. 
. Redefining command \DeclareUTFcharacter with sig. 'O{\UTFencname }mm' on
. line 207.
.................................................
.................................................
. LaTeX info: "xparse/define-command"
. 
. Defining command \DeclareUTFSymbol with sig. 'mO{\UTFencname }m' on line
. 233.
.................................................
.................................................
. LaTeX info: "xparse/define-command"
. 
. Defining command \DeclareUTFCommand with sig. 'mO{\UTFencname }m' on line
. 235.
.................................................
.................................................
. LaTeX info: "xparse/redefine-command"
. 
. Redefining command \DeclareUTFcomposite with sig. 'O{\UTFencname }mmm' on
. line 278.
.................................................
.................................................
. LaTeX info: "xparse/define-command"
. 
. Defining command \DeclareUTFCompositeCommand with sig. 'mO{\UTFencname }mm'
. on line 291.
.................................................
.................................................
. LaTeX info: "xparse/define-command"
. 
. Defining command \DeclareUTFCompositeSymbol with sig. 'mO{\UTFencname }mm'
. on line 296.
.................................................
.................................................
. LaTeX info: "xparse/define-command"
. 
. Defining command \DeclareUTFComposite with sig. 'mO{\UTFencname }' on line
. 298.
.................................................
.................................................
. LaTeX info: "xparse/define-command"
. 
. Defining command \DeclareUTFEncodedAccent with sig. 'mO{\UTFencname }mm' on
. line 300.
.................................................
.................................................
. LaTeX info: "xparse/define-command"
. 
. Defining command \DeclareUTFEncodedAccents with sig. 'mO{\UTFencname }mm' on
. line 302.
.................................................
.................................................
. LaTeX info: "xparse/define-command"
. 
. Defining command \DeclareUTFEncodedSymbol with sig. 'mO{\UTFencname }mm' on
. line 304.
.................................................
.................................................
. LaTeX info: "xparse/define-command"
. 
. Defining command \DeclareUTFEncodedCircle with sig. 'mO{\UTFencname }mm' on
. line 306.
.................................................
.................................................
. LaTeX info: "xparse/redefine-command"
. 
. Redefining command \DeclareEncodedCompositeCharacter with sig. 'mmmm' on
. line 308.
.................................................
.................................................
. LaTeX info: "xparse/redefine-command"
. 
. Redefining command \DeclareEncodedCompositeAccents with sig. 'mmmm' on line
. 310.
.................................................
.................................................
. LaTeX info: "xparse/define-command"
. 
. Defining command \DeclareUTFDoubleEncodedAccent with sig. 'mO{\UTFencname
. }mm' on line 312.
.................................................
.................................................
. LaTeX info: "xparse/define-command"
. 
. Defining command \DeclareUTFDoubleEncodedSymbol with sig. 'mO{\UTFencname
. }mm' on line 314.
.................................................
\l__xunadd_tmp_coffin=\box43
\l__xunadd_circle_coffin=\box44
.................................................
. LaTeX info: "xparse/define-command"
. 
. Defining command \settextcircledratio with sig. 'm' on line 465.
.................................................
.................................................
. LaTeX info: "xparse/define-command"
. 
. Defining command \AtBeginUTFCommand with sig. 'sO{}+m' on line 534.
.................................................
.................................................
. LaTeX info: "xparse/define-command"
. 
. Defining command \AtEndUTFCommand with sig. 'sO{}+m' on line 544.
.................................................
.................................................
. LaTeX info: "xparse/define-command"
. 
. Defining command \DeclareUTFTIPACommand with sig. 'O{\UTFencname }m' on line
. 576.
.................................................
)
(i:/texlive/2016/texmf-dist/tex/xelatex/xunicode/xunicode.sty
File: xunicode.sty 2011/09/09 v0.981 provides access to latin accents and many 
other characters in Unicode lower plane

*** Reloading Xunicode for encoding 'EU1' ***
) (i:/texlive/2016/texmf-dist/tex/xelatex/xecjk/xunicode-extra.def
File: xunicode-extra.def 2016/05/14 v3.4.0 extra definition for xunicode
)
.................................................
. LaTeX info: "xparse/define-command"
. 
. Defining command \xeCJKsetup with sig. '+m' on line 3744.
.................................................
.................................................
. LaTeX info: "xparse/define-command"
. 
. Defining command \xeCJKsetemboldenfactor with sig. 'm' on line 3746.
.................................................
.................................................
. LaTeX info: "xparse/define-command"
. 
. Defining command \xeCJKsetslantfactor with sig. 'm' on line 3748.
.................................................
.................................................
. LaTeX info: "xparse/define-command"
. 
. Defining command \punctstyle with sig. 'm' on line 3749.
.................................................
.................................................
. LaTeX info: "xparse/define-command"
. 
. Defining command \xeCJKplainchr with sig. '' on line 3750.
.................................................
.................................................
. LaTeX info: "xparse/define-command"
. 
. Defining command \CJKsetecglue with sig. 'm' on line 3751.
.................................................
.................................................
. LaTeX info: "xparse/define-command"
. 
. Defining command \CJKspace with sig. '' on line 3753.
.................................................
.................................................
. LaTeX info: "xparse/define-command"
. 
. Defining command \CJKnospace with sig. '' on line 3754.
.................................................
.................................................
. LaTeX info: "xparse/define-command"
. 
. Defining command \xeCJKallowbreakbetweenpuncts with sig. '' on line 3756.
.................................................
.................................................
. LaTeX info: "xparse/define-command"
. 
. Defining command \xeCJKnobreakbetweenpuncts with sig. '' on line 3758.
.................................................
.................................................
. LaTeX info: "xparse/define-command"
. 
. Defining command \xeCJKenablefallback with sig. '' on line 3760.
.................................................
.................................................
. LaTeX info: "xparse/define-command"
. 
. Defining command \xeCJKdisablefallback with sig. '' on line 3762.
.................................................
.................................................
. LaTeX info: "xparse/define-command"
. 
. Defining command \xeCJKsetcharclass with sig. 'mmm' on line 3767.
.................................................
.................................................
. LaTeX info: "xparse/redefine-command"
. 
. Redefining command \nobreakspace with sig. '' on line 3910.
.................................................
.................................................
. LaTeX info: "xparse/redefine-command"
. 
. Redefining command \fontfamily with sig. 'm' on line 3956.
.................................................

(i:/texlive/2016/texmf-dist/tex/xelatex/xecjk/xeCJK.cfg
File: xeCJK.cfg 2016/05/14 v3.4.0 Configuration file for xeCJK package
))
(i:/texlive/2016/texmf-dist/tex/generic/shapepar/shapepar.sty
\cutoutsep=\skip55
Package: shapepar 2013/03/26 v 2.2x, Shaped paragraphs
\SH@scale=\dimen166
\SH@boxb=\box45
\SH@ntries=\count133
\spec@bot=\dimen167
\sqrtcount=\count134
)
(i:/texlive/2016/texmf-dist/tex/latex/ebgaramond/ebgaramond.sty
Package: ebgaramond 2014/11/25 (Bob Tennent and autoinst) Style file for EB Gar
amond fonts.

(i:/texlive/2016/texmf-dist/tex/generic/ifxetex/ifxetex.sty
Package: ifxetex 2010/09/12 v0.6 Provides ifxetex conditional
)
(i:/texlive/2016/texmf-dist/tex/generic/oberdiek/ifluatex.sty
Package: ifluatex 2016/05/16 v1.4 Provides the ifluatex switch (HO)
Package ifluatex Info: LuaTeX not detected.
)
(i:/texlive/2016/texmf-dist/tex/latex/xkeyval/xkeyval.sty
Package: xkeyval 2014/12/03 v2.7a package option processing (HA)

(i:/texlive/2016/texmf-dist/tex/generic/xkeyval/xkeyval.tex
(i:/texlive/2016/texmf-dist/tex/generic/xkeyval/xkvutils.tex
\XKV@toks=\toks17
\XKV@tempa@toks=\toks18
)
\XKV@depth=\count135
File: xkeyval.tex 2014/12/03 v2.7a key=value parser (HA)
))
(i:/texlive/2016/texmf-dist/tex/latex/base/textcomp.sty
Package: textcomp 2005/09/27 v1.99g Standard LaTeX package
Package textcomp Info: Sub-encoding information:
(textcomp)               5 = only ISO-Adobe without \textcurrency
(textcomp)               4 = 5 + \texteuro
(textcomp)               3 = 4 + \textohm
(textcomp)               2 = 3 + \textestimated + \textcurrency
(textcomp)               1 = TS1 - \textcircled - \t
(textcomp)               0 = TS1 (full)
(textcomp)             Font families with sub-encoding setting implement
(textcomp)             only a restricted character set as indicated.
(textcomp)             Family '?' is the default used for unknown fonts.
(textcomp)             See the documentation for details.
Package textcomp Info: Setting ? sub-encoding to TS1/1 on input line 79.

(i:/texlive/2016/texmf-dist/tex/latex/base/ts1enc.def
File: ts1enc.def 2001/06/05 v3.0e (jk/car/fm) Standard LaTeX file
)
LaTeX Info: Redefining \oldstylenums on input line 334.
Package textcomp Info: Setting cmr sub-encoding to TS1/0 on input line 349.
Package textcomp Info: Setting cmss sub-encoding to TS1/0 on input line 350.
Package textcomp Info: Setting cmtt sub-encoding to TS1/0 on input line 351.
Package textcomp Info: Setting cmvtt sub-encoding to TS1/0 on input line 352.
Package textcomp Info: Setting cmbr sub-encoding to TS1/0 on input line 353.
Package textcomp Info: Setting cmtl sub-encoding to TS1/0 on input line 354.
Package textcomp Info: Setting ccr sub-encoding to TS1/0 on input line 355.
Package textcomp Info: Setting ptm sub-encoding to TS1/4 on input line 356.
Package textcomp Info: Setting pcr sub-encoding to TS1/4 on input line 357.
Package textcomp Info: Setting phv sub-encoding to TS1/4 on input line 358.
Package textcomp Info: Setting ppl sub-encoding to TS1/3 on input line 359.
Package textcomp Info: Setting pag sub-encoding to TS1/4 on input line 360.
Package textcomp Info: Setting pbk sub-encoding to TS1/4 on input line 361.
Package textcomp Info: Setting pnc sub-encoding to TS1/4 on input line 362.
Package textcomp Info: Setting pzc sub-encoding to TS1/4 on input line 363.
Package textcomp Info: Setting bch sub-encoding to TS1/4 on input line 364.
Package textcomp Info: Setting put sub-encoding to TS1/5 on input line 365.
Package textcomp Info: Setting uag sub-encoding to TS1/5 on input line 366.
Package textcomp Info: Setting ugq sub-encoding to TS1/5 on input line 367.
Package textcomp Info: Setting ul8 sub-encoding to TS1/4 on input line 368.
Package textcomp Info: Setting ul9 sub-encoding to TS1/4 on input line 369.
Package textcomp Info: Setting augie sub-encoding to TS1/5 on input line 370.
Package textcomp Info: Setting dayrom sub-encoding to TS1/3 on input line 371.
Package textcomp Info: Setting dayroms sub-encoding to TS1/3 on input line 372.

Package textcomp Info: Setting pxr sub-encoding to TS1/0 on input line 373.
Package textcomp Info: Setting pxss sub-encoding to TS1/0 on input line 374.
Package textcomp Info: Setting pxtt sub-encoding to TS1/0 on input line 375.
Package textcomp Info: Setting txr sub-encoding to TS1/0 on input line 376.
Package textcomp Info: Setting txss sub-encoding to TS1/0 on input line 377.
Package textcomp Info: Setting txtt sub-encoding to TS1/0 on input line 378.
Package textcomp Info: Setting lmr sub-encoding to TS1/0 on input line 379.
Package textcomp Info: Setting lmdh sub-encoding to TS1/0 on input line 380.
Package textcomp Info: Setting lmss sub-encoding to TS1/0 on input line 381.
Package textcomp Info: Setting lmssq sub-encoding to TS1/0 on input line 382.
Package textcomp Info: Setting lmvtt sub-encoding to TS1/0 on input line 383.
Package textcomp Info: Setting lmtt sub-encoding to TS1/0 on input line 384.
Package textcomp Info: Setting qhv sub-encoding to TS1/0 on input line 385.
Package textcomp Info: Setting qag sub-encoding to TS1/0 on input line 386.
Package textcomp Info: Setting qbk sub-encoding to TS1/0 on input line 387.
Package textcomp Info: Setting qcr sub-encoding to TS1/0 on input line 388.
Package textcomp Info: Setting qcs sub-encoding to TS1/0 on input line 389.
Package textcomp Info: Setting qpl sub-encoding to TS1/0 on input line 390.
Package textcomp Info: Setting qtm sub-encoding to TS1/0 on input line 391.
Package textcomp Info: Setting qzc sub-encoding to TS1/0 on input line 392.
Package textcomp Info: Setting qhvc sub-encoding to TS1/0 on input line 393.
Package textcomp Info: Setting futs sub-encoding to TS1/4 on input line 394.
Package textcomp Info: Setting futx sub-encoding to TS1/4 on input line 395.
Package textcomp Info: Setting futj sub-encoding to TS1/4 on input line 396.
Package textcomp Info: Setting hlh sub-encoding to TS1/3 on input line 397.
Package textcomp Info: Setting hls sub-encoding to TS1/3 on input line 398.
Package textcomp Info: Setting hlst sub-encoding to TS1/3 on input line 399.
Package textcomp Info: Setting hlct sub-encoding to TS1/5 on input line 400.
Package textcomp Info: Setting hlx sub-encoding to TS1/5 on input line 401.
Package textcomp Info: Setting hlce sub-encoding to TS1/5 on input line 402.
Package textcomp Info: Setting hlcn sub-encoding to TS1/5 on input line 403.
Package textcomp Info: Setting hlcw sub-encoding to TS1/5 on input line 404.
Package textcomp Info: Setting hlcf sub-encoding to TS1/5 on input line 405.
Package textcomp Info: Setting pplx sub-encoding to TS1/3 on input line 406.
Package textcomp Info: Setting pplj sub-encoding to TS1/3 on input line 407.
Package textcomp Info: Setting ptmx sub-encoding to TS1/4 on input line 408.
Package textcomp Info: Setting ptmj sub-encoding to TS1/4 on input line 409.
)
Requested font "[EBGaramond12-Regular.otf]/OT" at 12.0pt
 -> i:/texlive/2016/texmf-dist/fonts/opentype/public/ebgaramond/EBGaramond12-Re
gular.otf
\g__fontspec_family_EBGaramond12_int=\count136
Requested font "[EBGaramond12-Italic.otf]/OT" at 12.0pt
 -> i:/texlive/2016/texmf-dist/fonts/opentype/public/ebgaramond/EBGaramond12-It
alic.otf
.................................................
. fontspec info: "defining-font"
. 
. Font family 'EBGaramond12(0)' created for font 'EBGaramond12' with options
. [Ligatures = TeX,Scale = 1,SmallCapsFeatures={},Extension =
. .otf,Ligatures=TeX,Numbers = {Proportional,OldStyle},UprightFont =
. *-Regular,ItalicFont = *-Italic,BoldFont = *-Regular,BoldItalicFont =
. *-Italic].
. 
. This font family consists of the following NFSS series/shapes:
. - 'normal' (m/n) with NFSS spec.:
. <->s*[1]"[EBGaramond12-Regular.otf]/OT:script=latn;language=DFLT;mapping=tex-
text;mapping=tex-text;+pnum;+onum;"
. - 'small caps'  (m/sc) with NFSS spec.:
. <->s*[1]"[EBGaramond12-Regular.otf]/OT:script=latn;language=DFLT;mapping=tex-
text;mapping=tex-text;+pnum;+onum;+smcp;"-
. 'bold' (bx/n) with NFSS spec.:
. <->s*[1]"[EBGaramond12-Regular.otf]/OT:script=latn;language=DFLT;mapping=tex-
text;mapping=tex-text;+pnum;+onum;"
. - 'bold small caps'  (bx/sc) with NFSS spec.:
. <->s*[1]"[EBGaramond12-Regular.otf]/OT:script=latn;language=DFLT;mapping=tex-
text;mapping=tex-text;+pnum;+onum;+smcp;"-
. 'italic' (m/it) with NFSS spec.:
. <->s*[1]"[EBGaramond12-Italic.otf]/OT:script=latn;language=DFLT;mapping=tex-t
ext;mapping=tex-text;+pnum;+onum;"
. - 'italic small caps'  (m/itsc) with NFSS spec.:
. <->s*[1]"[EBGaramond12-Italic.otf]/OT:script=latn;language=DFLT;mapping=tex-t
ext;mapping=tex-text;+pnum;+onum;+smcp;"-
. 'bold italic' (bx/it) with NFSS spec.:
. <->s*[1]"[EBGaramond12-Italic.otf]/OT:script=latn;language=DFLT;mapping=tex-t
ext;mapping=tex-text;+pnum;+onum;"
. - 'bold italic small caps'  (bx/itsc) with NFSS spec.:
. <->s*[1]"[EBGaramond12-Italic.otf]/OT:script=latn;language=DFLT;mapping=tex-t
ext;mapping=tex-text;+pnum;+onum;+smcp;"
.................................................
LaTeX Font Info:    Font shape `EU1/EBGaramond12(0)/m/n' will be
(Font)              scaled to size 12.0pt on input line 83.
Requested font "[EBGaramond12-Regular.otf]/OT:script=latn;language=DFLT;mapping
=tex-text;mapping=tex-text;+pnum;+onum;" at 12.0pt
 -> i:/texlive/2016/texmf-dist/fonts/opentype/public/ebgaramond/EBGaramond12-Re
gular.otf
.................................................
. fontspec info: "defining-font"
. 
. Font family 'EBGaramond12(1)' created for font 'EBGaramond12' with options
. [Ligatures = TeX,Scale = 1,SmallCapsFeatures={},Extension = .otf,Numbers =
. {Proportional,OldStyle},UprightFont = *-Regular,ItalicFont =
. *-Italic,BoldFont = *-Regular,BoldItalicFont = *-Italic].
. 
. This font family consists of the following NFSS series/shapes:
. - 'normal' (m/n) with NFSS spec.:
. <->s*[1]"[EBGaramond12-Regular.otf]/OT:script=latn;language=DFLT;mapping=tex-
text;+pnum;+onum;"
. - 'small caps'  (m/sc) with NFSS spec.:
. <->s*[1]"[EBGaramond12-Regular.otf]/OT:script=latn;language=DFLT;mapping=tex-
text;+pnum;+onum;+smcp;"-
. 'bold' (bx/n) with NFSS spec.:
. <->s*[1]"[EBGaramond12-Regular.otf]/OT:script=latn;language=DFLT;mapping=tex-
text;+pnum;+onum;"
. - 'bold small caps'  (bx/sc) with NFSS spec.:
. <->s*[1]"[EBGaramond12-Regular.otf]/OT:script=latn;language=DFLT;mapping=tex-
text;+pnum;+onum;+smcp;"-
. 'italic' (m/it) with NFSS spec.:
. <->s*[1]"[EBGaramond12-Italic.otf]/OT:script=latn;language=DFLT;mapping=tex-t
ext;+pnum;+onum;"
. - 'italic small caps'  (m/itsc) with NFSS spec.:
. <->s*[1]"[EBGaramond12-Italic.otf]/OT:script=latn;language=DFLT;mapping=tex-t
ext;+pnum;+onum;+smcp;"-
. 'bold italic' (bx/it) with NFSS spec.:
. <->s*[1]"[EBGaramond12-Italic.otf]/OT:script=latn;language=DFLT;mapping=tex-t
ext;+pnum;+onum;"
. - 'bold italic small caps'  (bx/itsc) with NFSS spec.:
. <->s*[1]"[EBGaramond12-Italic.otf]/OT:script=latn;language=DFLT;mapping=tex-t
ext;+pnum;+onum;+smcp;"
.................................................
.................................................
. fontspec info: "defining-font"
. 
. Font family 'EBGaramond12(2)' created for font 'EBGaramond12' with options
. [Ligatures = TeX,Scale = 1,SmallCapsFeatures={},Extension =
. .otf,Style={Swash},Numbers = {Proportional,OldStyle},UprightFont =
. *-Italic,ItalicFont = *-Italic,BoldFont = *-Italic,BoldItalicFont =
. *-Italic].
. 
. This font family consists of the following NFSS series/shapes:
. - 'normal' (m/n) with NFSS spec.:
. <->s*[1]"[EBGaramond12-Italic.otf]/OT:script=latn;language=DFLT;mapping=tex-t
ext;+swsh;+pnum;+onum;"
. - 'small caps'  (m/sc) with NFSS spec.:
. <->s*[1]"[EBGaramond12-Italic.otf]/OT:script=latn;language=DFLT;mapping=tex-t
ext;+swsh;+pnum;+onum;+smcp;"-
. 'bold' (bx/n) with NFSS spec.:
. <->s*[1]"[EBGaramond12-Italic.otf]/OT:script=latn;language=DFLT;mapping=tex-t
ext;+swsh;+pnum;+onum;"
. - 'bold small caps'  (bx/sc) with NFSS spec.:
. <->s*[1]"[EBGaramond12-Italic.otf]/OT:script=latn;language=DFLT;mapping=tex-t
ext;+swsh;+pnum;+onum;+smcp;"-
. 'italic' (m/it) with NFSS spec.:
. <->s*[1]"[EBGaramond12-Italic.otf]/OT:script=latn;language=DFLT;mapping=tex-t
ext;+swsh;+pnum;+onum;"
. - 'italic small caps'  (m/itsc) with NFSS spec.:
. <->s*[1]"[EBGaramond12-Italic.otf]/OT:script=latn;language=DFLT;mapping=tex-t
ext;+swsh;+pnum;+onum;+smcp;"-
. 'bold italic' (bx/it) with NFSS spec.:
. <->s*[1]"[EBGaramond12-Italic.otf]/OT:script=latn;language=DFLT;mapping=tex-t
ext;+swsh;+pnum;+onum;"
. - 'bold italic small caps'  (bx/itsc) with NFSS spec.:
. <->s*[1]"[EBGaramond12-Italic.otf]/OT:script=latn;language=DFLT;mapping=tex-t
ext;+swsh;+pnum;+onum;+smcp;"
.................................................
.................................................
. fontspec info: "defining-font"
. 
. Font family 'EBGaramond12(3)' created for font 'EBGaramond12' with options
. [Ligatures = TeX,Scale = 1,SmallCapsFeatures={},Extension = .otf,Numbers =
. {Proportional,Lining},UprightFont = *-Regular,ItalicFont = *-Italic,BoldFont
. = *-Regular,BoldItalicFont = *-Italic].
. 
. This font family consists of the following NFSS series/shapes:
. - 'normal' (m/n) with NFSS spec.:
. <->s*[1]"[EBGaramond12-Regular.otf]/OT:script=latn;language=DFLT;mapping=tex-
text;+pnum;+lnum;"
. - 'small caps'  (m/sc) with NFSS spec.:
. <->s*[1]"[EBGaramond12-Regular.otf]/OT:script=latn;language=DFLT;mapping=tex-
text;+pnum;+lnum;+smcp;"-
. 'bold' (bx/n) with NFSS spec.:
. <->s*[1]"[EBGaramond12-Regular.otf]/OT:script=latn;language=DFLT;mapping=tex-
text;+pnum;+lnum;"
. - 'bold small caps'  (bx/sc) with NFSS spec.:
. <->s*[1]"[EBGaramond12-Regular.otf]/OT:script=latn;language=DFLT;mapping=tex-
text;+pnum;+lnum;+smcp;"-
. 'italic' (m/it) with NFSS spec.:
. <->s*[1]"[EBGaramond12-Italic.otf]/OT:script=latn;language=DFLT;mapping=tex-t
ext;+pnum;+lnum;"
. - 'italic small caps'  (m/itsc) with NFSS spec.:
. <->s*[1]"[EBGaramond12-Italic.otf]/OT:script=latn;language=DFLT;mapping=tex-t
ext;+pnum;+lnum;+smcp;"-
. 'bold italic' (bx/it) with NFSS spec.:
. <->s*[1]"[EBGaramond12-Italic.otf]/OT:script=latn;language=DFLT;mapping=tex-t
ext;+pnum;+lnum;"
. - 'bold italic small caps'  (bx/itsc) with NFSS spec.:
. <->s*[1]"[EBGaramond12-Italic.otf]/OT:script=latn;language=DFLT;mapping=tex-t
ext;+pnum;+lnum;+smcp;"
.................................................
Requested font "[EBGaramondInitials.otf]/OT" at 12.0pt
 -> i:/texlive/2016/texmf-dist/fonts/opentype/public/ebgaramond/EBGaramondIniti
als.otf
Missing character: There is no   in font [EBGaramondInitials.otf]/OT!
.................................................
. fontspec info: "no-scripts"
. 
. Font EBGaramondInitials does not contain any OpenType `Script' information.
.................................................
\g__fontspec_family_EBGaramondInitials_int=\count137
.................................................
. fontspec info: "defining-font"
. 
. Font family 'EBGaramondInitials(0)' created for font 'EBGaramondInitials'
. with options [Ligatures = TeX,Scale = 1,SmallCapsFeatures={},Extension =
. .otf,BoldFont={},ItalicFont={},SmallCapsFont={}].
. 
. This font family consists of the following NFSS series/shapes:
. - 'normal' (m/n) with NFSS spec.:
. <->s*[1]"[EBGaramondInitials.otf]/OT:mapping=tex-text;"
. - 'small caps'  (m/sc) with NFSS spec.: 
.................................................
LaTeX Info: Redefining \oldstylenums on input line 120.
LaTeX Info: Redefining \liningnums on input line 121.
LaTeX Info: Redefining \textin on input line 122.
.................................................
. fontspec info: "defining-font"
. 
. Font family 'EBGaramond12(4)' created for font 'EBGaramond12' with options
. [Ligatures = TeX,Scale = 1,SmallCapsFeatures={},Extension = .otf,Numbers =
. {Monospaced,OldStyle},UprightFont = *-Regular,ItalicFont = *-Italic,BoldFont
. = *-Regular,BoldItalicFont = *-Italic].
. 
. This font family consists of the following NFSS series/shapes:
. - 'normal' (m/n) with NFSS spec.:
. <->s*[1]"[EBGaramond12-Regular.otf]/OT:script=latn;language=DFLT;mapping=tex-
text;+tnum;+onum;"
. - 'small caps'  (m/sc) with NFSS spec.:
. <->s*[1]"[EBGaramond12-Regular.otf]/OT:script=latn;language=DFLT;mapping=tex-
text;+tnum;+onum;+smcp;"-
. 'bold' (bx/n) with NFSS spec.:
. <->s*[1]"[EBGaramond12-Regular.otf]/OT:script=latn;language=DFLT;mapping=tex-
text;+tnum;+onum;"
. - 'bold small caps'  (bx/sc) with NFSS spec.:
. <->s*[1]"[EBGaramond12-Regular.otf]/OT:script=latn;language=DFLT;mapping=tex-
text;+tnum;+onum;+smcp;"-
. 'italic' (m/it) with NFSS spec.:
. <->s*[1]"[EBGaramond12-Italic.otf]/OT:script=latn;language=DFLT;mapping=tex-t
ext;+tnum;+onum;"
. - 'italic small caps'  (m/itsc) with NFSS spec.:
. <->s*[1]"[EBGaramond12-Italic.otf]/OT:script=latn;language=DFLT;mapping=tex-t
ext;+tnum;+onum;+smcp;"-
. 'bold italic' (bx/it) with NFSS spec.:
. <->s*[1]"[EBGaramond12-Italic.otf]/OT:script=latn;language=DFLT;mapping=tex-t
ext;+tnum;+onum;"
. - 'bold italic small caps'  (bx/itsc) with NFSS spec.:
. <->s*[1]"[EBGaramond12-Italic.otf]/OT:script=latn;language=DFLT;mapping=tex-t
ext;+tnum;+onum;+smcp;"
.................................................
)
Requested font "Minion Pro" at 12.0pt
 -> C:/Windows/fonts/MinionPro-Regular_0.otf
Requested font "Minion Pro/OT" at 12.0pt
 -> C:/Windows/fonts/MinionPro-Regular_0.otf
\g__fontspec_family_MinionPro_int=\count138
Requested font "Minion Pro/BI/OT" at 12.0pt
 -> C:/Windows/fonts/MinionPro-SemiboldIt.otf
Requested font "Minion Pro/B/OT" at 12.0pt
 -> C:/Windows/fonts/MinionPro-Semibold.otf
Requested font "Minion Pro/I/OT" at 12.0pt
 -> C:/Windows/fonts/MinionPro-It_0.otf
Requested font "Minion Pro/B/OT" at 12.0pt
 -> C:/Windows/fonts/MinionPro-Semibold.otf
Requested font "Minion Pro/B/OT" at 12.0pt
 -> C:/Windows/fonts/MinionPro-Semibold.otf
Requested font "Minion Pro/I/OT" at 12.0pt
 -> C:/Windows/fonts/MinionPro-It_0.otf
Requested font "Minion Pro/I/OT" at 12.0pt
 -> C:/Windows/fonts/MinionPro-It_0.otf
Requested font "Minion Pro/BI/OT" at 12.0pt
 -> C:/Windows/fonts/MinionPro-SemiboldIt.otf
Requested font "Minion Pro/BI/OT" at 12.0pt
 -> C:/Windows/fonts/MinionPro-SemiboldIt.otf
.................................................
. fontspec info: "defining-font"
. 
. Font family 'MinionPro(0)' created for font 'Minion Pro' with options
. [Ligatures=TeX,Ligatures=TeX].
. 
. This font family consists of the following NFSS series/shapes:
. - 'normal' (m/n) with NFSS spec.: <->"Minion
. Pro/OT:script=latn;language=DFLT;mapping=tex-text;mapping=tex-text;"
. - 'small caps'  (m/sc) with NFSS spec.: <->"Minion
. Pro/OT:script=latn;language=DFLT;mapping=tex-text;mapping=tex-text;+smcp;"-
. 'bold' (bx/n) with NFSS spec.: <->"Minion
. Pro/B/OT:script=latn;language=DFLT;mapping=tex-text;mapping=tex-text;"
. - 'bold small caps'  (bx/sc) with NFSS spec.: <->"Minion
. Pro/B/OT:script=latn;language=DFLT;mapping=tex-text;mapping=tex-text;+smcp;"-

. 'italic' (m/it) with NFSS spec.: <->"Minion
. Pro/I/OT:script=latn;language=DFLT;mapping=tex-text;mapping=tex-text;"
. - 'italic small caps'  (m/itsc) with NFSS spec.: <->"Minion
. Pro/I/OT:script=latn;language=DFLT;mapping=tex-text;mapping=tex-text;+smcp;"-

. 'bold italic' (bx/it) with NFSS spec.: <->"Minion
. Pro/BI/OT:script=latn;language=DFLT;mapping=tex-text;mapping=tex-text;"
. - 'bold italic small caps'  (bx/itsc) with NFSS spec.: <->"Minion
. Pro/BI/OT:script=latn;language=DFLT;mapping=tex-text;mapping=tex-text;+smcp;"

.................................................
Requested font "Minion Pro/OT:script=latn;language=DFLT;mapping=tex-text;mappin
g=tex-text;" at 12.0pt
 -> C:/Windows/fonts/MinionPro-Regular_0.otf
Requested font "Myriad Pro" at 12.0pt
 -> C:/Windows/fonts/MyriadPro-Regular_0.otf
Requested font "Myriad Pro/OT" at 12.0pt
 -> C:/Windows/fonts/MyriadPro-Regular_0.otf
\g__fontspec_family_MyriadPro_int=\count139
Requested font "Myriad Pro/BI/OT" at 12.0pt
 -> C:/Windows/fonts/MyriadPro-SemiboldIt.otf
Requested font "Myriad Pro/B/OT" at 12.0pt
 -> C:/Windows/fonts/MyriadPro-Semibold.otf
Requested font "Myriad Pro/I/OT" at 12.0pt
 -> C:/Windows/fonts/MyriadPro-It.otf
Requested font "Myriad Pro/B/OT" at 12.0pt
 -> C:/Windows/fonts/MyriadPro-Semibold.otf
Requested font "Myriad Pro/B/OT" at 12.0pt
 -> C:/Windows/fonts/MyriadPro-Semibold.otf
Requested font "Myriad Pro/I/OT" at 12.0pt
 -> C:/Windows/fonts/MyriadPro-It.otf
Requested font "Myriad Pro/I/OT" at 12.0pt
 -> C:/Windows/fonts/MyriadPro-It.otf
Requested font "Myriad Pro/BI/OT" at 12.0pt
 -> C:/Windows/fonts/MyriadPro-SemiboldIt.otf
Requested font "Myriad Pro/BI/OT" at 12.0pt
 -> C:/Windows/fonts/MyriadPro-SemiboldIt.otf
.................................................
. fontspec info: "defining-font"
. 
. Font family 'MyriadPro(0)' created for font 'Myriad Pro' with options
. [Ligatures=TeX].
. 
. This font family consists of the following NFSS series/shapes:
. - 'normal' (m/n) with NFSS spec.: <->"Myriad
. Pro/OT:script=latn;language=DFLT;mapping=tex-text;"
. - 'small caps'  (m/sc) with NFSS spec.: - 'bold' (bx/n) with NFSS spec.:
. <->"Myriad Pro/B/OT:script=latn;language=DFLT;mapping=tex-text;"
. - 'bold small caps'  (bx/sc) with NFSS spec.: - 'italic' (m/it) with NFSS
. spec.: <->"Myriad Pro/I/OT:script=latn;language=DFLT;mapping=tex-text;"
. - 'italic small caps'  (m/itsc) with NFSS spec.: - 'bold italic' (bx/it)
. with NFSS spec.: <->"Myriad
. Pro/BI/OT:script=latn;language=DFLT;mapping=tex-text;"
. - 'bold italic small caps'  (bx/itsc) with NFSS spec.: 
.................................................
Requested font "^^%^^Õ^^Œ^^&^^÷^^«^^$^^¯^^Ì^^%^^Ó^^À/OT" at 12.0pt
 -> C:/Windows/fonts/STZHONGS.TTF
Requested font "^^%^^Õ^^Œ^^&^^÷^^«^^$^^¯^^Ì^^%^^Ó^^À/OT" at 12.0pt
 -> C:/Windows/fonts/STZHONGS.TTF
\g__fontspec_family_ÂçéÊñá‰∏≠ÂÆã_int=\count140
Requested font "^^&^^Â^^˜^^$^^˝^^”/OT" at 12.0pt
 -> C:/Windows/fonts/simkai.ttf
Requested font "^^&^^Â^^˜^^$^^˝^^”/B/OT" at 12.0pt
 -> C:/Windows/fonts/simkai.ttf
.................................................
. fontspec info: "no-font-shape"
. 
. Could not resolve font Ê•∑‰Ωì/B (it probably doesn't exist).
.................................................
Requested font "^^)^^˚^^—^^$^^˝^^”/OT" at 12.0pt
 -> C:/Windows/fonts/simhei.ttf
Requested font "^^)^^˚^^—^^$^^˝^^”/I/OT" at 12.0pt
 -> C:/Windows/fonts/simhei.ttf
.................................................
. fontspec info: "no-font-shape"
. 
. Could not resolve font Èªë‰Ωì/I (it probably doesn't exist).
.................................................
Requested font "^^%^^Õ^^Œ^^&^^÷^^«^^$^^¯^^Ì^^%^^Ó^^À/OT" at 12.0pt
 -> C:/Windows/fonts/STZHONGS.TTF
Requested font "^^%^^Õ^^Œ^^&^^÷^^«^^$^^¯^^Ì^^%^^Ó^^À/BI/OT" at 12.0pt
 -> C:/Windows/fonts/STZHONGS.TTF
.................................................
. fontspec info: "no-font-shape"
. 
. Could not resolve font ÂçéÊñá‰∏≠ÂÆã/BI (it probably doesn't exist).
.................................................
Requested font "^^%^^Õ^^Œ^^&^^÷^^«^^$^^¯^^Ì^^%^^Ó^^À/OT" at 12.0pt
 -> C:/Windows/fonts/STZHONGS.TTF
Requested font "^^%^^Õ^^Œ^^&^^÷^^«^^$^^¯^^Ì^^%^^Ó^^À/OT" at 12.0pt
 -> C:/Windows/fonts/STZHONGS.TTF
Requested font "^^)^^˚^^—^^$^^˝^^”/OT" at 12.0pt
 -> C:/Windows/fonts/simhei.ttf
Requested font "^^)^^˚^^—^^$^^˝^^”/OT" at 12.0pt
 -> C:/Windows/fonts/simhei.ttf
Requested font "^^&^^Â^^˜^^$^^˝^^”/OT" at 12.0pt
 -> C:/Windows/fonts/simkai.ttf
Requested font "^^&^^Â^^˜^^$^^˝^^”/OT" at 12.0pt
 -> C:/Windows/fonts/simkai.ttf
.................................................
. fontspec info: "defining-font"
. 
. Font family 'ÂçéÊñá‰∏≠ÂÆã(0)' created for font 'ÂçéÊñá‰∏≠ÂÆã' with options
. [Script={CJK},BoldFont={Èªë‰Ωì},ItalicFont={Ê•∑‰Ωì}].
. 
. This font family consists of the following NFSS series/shapes:
. - 'normal' (m/n) with NFSS spec.: <->"ÂçéÊñá‰∏≠ÂÆã/OT:script=hani;language=DFLT;"
. - 'small caps'  (m/sc) with NFSS spec.: - 'bold' (bx/n) with NFSS spec.:
. <->"Èªë‰Ωì/OT:script=hani;language=DFLT;"
. - 'bold small caps'  (bx/sc) with NFSS spec.: - 'italic' (m/it) with NFSS
. spec.: <->"Ê•∑‰Ωì/OT:script=hani;language=DFLT;"
. - 'italic small caps'  (m/itsc) with NFSS spec.: 
.................................................

(i:/texlive/2016/texmf-dist/tex/latex/microtype/microtype.sty
Package: microtype 2016/05/14 v2.6a Micro-typographical refinements (RS)
\MT@toks=\toks19
\MT@count=\count141
LaTeX Info: Redefining \textls on input line 774.
\MT@outer@kern=\dimen168
LaTeX Info: Redefining \textmicrotypecontext on input line 1310.
\MT@listname@count=\count142

(i:/texlive/2016/texmf-dist/tex/latex/microtype/microtype-xetex.def
File: microtype-xetex.def 2016/05/14 v2.6a Definitions specific to xetex (RS)
LaTeX Info: Redefining \lsstyle on input line 255.
)
Package microtype Info: Loading configuration file microtype.cfg.

(i:/texlive/2016/texmf-dist/tex/latex/microtype/microtype.cfg
File: microtype.cfg 2016/05/14 v2.6a microtype main configuration file (RS)
))
(./xeboiboites.sty
Package: xeboiboites 2015/06/18 version 0.9e

(i:/texlive/2016/texmf-dist/tex/latex/pgf/frontendlayer/tikz.sty
(i:/texlive/2016/texmf-dist/tex/latex/pgf/basiclayer/pgf.sty
(i:/texlive/2016/texmf-dist/tex/latex/pgf/utilities/pgfrcs.sty
(i:/texlive/2016/texmf-dist/tex/generic/pgf/utilities/pgfutil-common.tex
\pgfutil@everybye=\toks20
\pgfutil@tempdima=\dimen169
\pgfutil@tempdimb=\dimen170

(i:/texlive/2016/texmf-dist/tex/generic/pgf/utilities/pgfutil-common-lists.tex)
) (i:/texlive/2016/texmf-dist/tex/generic/pgf/utilities/pgfutil-latex.def
\pgfutil@abb=\box46

(i:/texlive/2016/texmf-dist/tex/latex/ms/everyshi.sty
Package: everyshi 2001/05/15 v3.00 EveryShipout Package (MS)
))
(i:/texlive/2016/texmf-dist/tex/generic/pgf/utilities/pgfrcs.code.tex
Package: pgfrcs 2015/08/07 v3.0.1a (rcs-revision 1.31)
))
Package: pgf 2015/08/07 v3.0.1a (rcs-revision 1.15)

(i:/texlive/2016/texmf-dist/tex/latex/pgf/basiclayer/pgfcore.sty
(i:/texlive/2016/texmf-dist/tex/latex/pgf/systemlayer/pgfsys.sty
(i:/texlive/2016/texmf-dist/tex/generic/pgf/systemlayer/pgfsys.code.tex
Package: pgfsys 2014/07/09 v3.0.1a (rcs-revision 1.48)

(i:/texlive/2016/texmf-dist/tex/generic/pgf/utilities/pgfkeys.code.tex
\pgfkeys@pathtoks=\toks21
\pgfkeys@temptoks=\toks22

(i:/texlive/2016/texmf-dist/tex/generic/pgf/utilities/pgfkeysfiltered.code.tex
\pgfkeys@tmptoks=\toks23
))
\pgf@x=\dimen171
\pgf@y=\dimen172
\pgf@xa=\dimen173
\pgf@ya=\dimen174
\pgf@xb=\dimen175
\pgf@yb=\dimen176
\pgf@xc=\dimen177
\pgf@yc=\dimen178
\w@pgf@writea=\write3
\r@pgf@reada=\read2
\c@pgf@counta=\count143
\c@pgf@countb=\count144
\c@pgf@countc=\count145
\c@pgf@countd=\count146
\t@pgf@toka=\toks24
\t@pgf@tokb=\toks25
\t@pgf@tokc=\toks26
 (i:/texlive/2016/texmf-dist/tex/generic/pgf/systemlayer/pgf.cfg
File: pgf.cfg 2008/05/14  (rcs-revision 1.7)
)
Driver file for pgf: pgfsys-xetex.def

(i:/texlive/2016/texmf-dist/tex/generic/pgf/systemlayer/pgfsys-xetex.def
File: pgfsys-xetex.def 2014/07/09  (rcs-revision 1.11)

(i:/texlive/2016/texmf-dist/tex/generic/pgf/systemlayer/pgfsys-dvipdfmx.def
File: pgfsys-dvipdfmx.def 2014/07/09  (rcs-revision 1.14)

(i:/texlive/2016/texmf-dist/tex/generic/pgf/systemlayer/pgfsys-common-pdf.def
File: pgfsys-common-pdf.def 2013/10/10  (rcs-revision 1.13)
)
\pgfsys@objnum=\count147
)))
(i:/texlive/2016/texmf-dist/tex/generic/pgf/systemlayer/pgfsyssoftpath.code.tex
File: pgfsyssoftpath.code.tex 2013/09/09  (rcs-revision 1.9)
\pgfsyssoftpath@smallbuffer@items=\count148
\pgfsyssoftpath@bigbuffer@items=\count149
)
(i:/texlive/2016/texmf-dist/tex/generic/pgf/systemlayer/pgfsysprotocol.code.tex
File: pgfsysprotocol.code.tex 2006/10/16  (rcs-revision 1.4)
)) (i:/texlive/2016/texmf-dist/tex/latex/xcolor/xcolor.sty
Package: xcolor 2016/05/11 v2.12 LaTeX color extensions (UK)

(i:/texlive/2016/texmf-dist/tex/latex/graphics-cfg/color.cfg
File: color.cfg 2016/01/02 v1.6 sample color configuration
)
Package xcolor Info: Driver file: xetex.def on input line 225.
Package xcolor Info: Model `cmy' substituted by `cmy0' on input line 1348.
Package xcolor Info: Model `RGB' extended on input line 1364.
Package xcolor Info: Model `HTML' substituted by `rgb' on input line 1366.
Package xcolor Info: Model `Hsb' substituted by `hsb' on input line 1367.
Package xcolor Info: Model `tHsb' substituted by `hsb' on input line 1368.
Package xcolor Info: Model `HSB' substituted by `hsb' on input line 1369.
Package xcolor Info: Model `Gray' substituted by `gray' on input line 1370.
Package xcolor Info: Model `wave' substituted by `hsb' on input line 1371.
)
(i:/texlive/2016/texmf-dist/tex/generic/pgf/basiclayer/pgfcore.code.tex
Package: pgfcore 2010/04/11 v3.0.1a (rcs-revision 1.7)

(i:/texlive/2016/texmf-dist/tex/generic/pgf/math/pgfmath.code.tex
(i:/texlive/2016/texmf-dist/tex/generic/pgf/math/pgfmathcalc.code.tex
(i:/texlive/2016/texmf-dist/tex/generic/pgf/math/pgfmathutil.code.tex)
(i:/texlive/2016/texmf-dist/tex/generic/pgf/math/pgfmathparser.code.tex
\pgfmath@dimen=\dimen179
\pgfmath@count=\count150
\pgfmath@box=\box47
\pgfmath@toks=\toks27
\pgfmath@stack@operand=\toks28
\pgfmath@stack@operation=\toks29
)
(i:/texlive/2016/texmf-dist/tex/generic/pgf/math/pgfmathfunctions.code.tex
(i:/texlive/2016/texmf-dist/tex/generic/pgf/math/pgfmathfunctions.basic.code.te
x)
(i:/texlive/2016/texmf-dist/tex/generic/pgf/math/pgfmathfunctions.trigonometric
.code.tex)
(i:/texlive/2016/texmf-dist/tex/generic/pgf/math/pgfmathfunctions.random.code.t
ex)
(i:/texlive/2016/texmf-dist/tex/generic/pgf/math/pgfmathfunctions.comparison.co
de.tex)
(i:/texlive/2016/texmf-dist/tex/generic/pgf/math/pgfmathfunctions.base.code.tex
)
(i:/texlive/2016/texmf-dist/tex/generic/pgf/math/pgfmathfunctions.round.code.te
x)
(i:/texlive/2016/texmf-dist/tex/generic/pgf/math/pgfmathfunctions.misc.code.tex
)
(i:/texlive/2016/texmf-dist/tex/generic/pgf/math/pgfmathfunctions.integerarithm
etics.code.tex)))
(i:/texlive/2016/texmf-dist/tex/generic/pgf/math/pgfmathfloat.code.tex
\c@pgfmathroundto@lastzeros=\count151
))
(i:/texlive/2016/texmf-dist/tex/generic/pgf/basiclayer/pgfcorepoints.code.tex
File: pgfcorepoints.code.tex 2013/10/07  (rcs-revision 1.27)
\pgf@picminx=\dimen180
\pgf@picmaxx=\dimen181
\pgf@picminy=\dimen182
\pgf@picmaxy=\dimen183
\pgf@pathminx=\dimen184
\pgf@pathmaxx=\dimen185
\pgf@pathminy=\dimen186
\pgf@pathmaxy=\dimen187
\pgf@xx=\dimen188
\pgf@xy=\dimen189
\pgf@yx=\dimen190
\pgf@yy=\dimen191
\pgf@zx=\dimen192
\pgf@zy=\dimen193
)
(i:/texlive/2016/texmf-dist/tex/generic/pgf/basiclayer/pgfcorepathconstruct.cod
e.tex
File: pgfcorepathconstruct.code.tex 2013/10/07  (rcs-revision 1.29)
\pgf@path@lastx=\dimen194
\pgf@path@lasty=\dimen195
)
(i:/texlive/2016/texmf-dist/tex/generic/pgf/basiclayer/pgfcorepathusage.code.te
x
File: pgfcorepathusage.code.tex 2014/11/02  (rcs-revision 1.24)
\pgf@shorten@end@additional=\dimen196
\pgf@shorten@start@additional=\dimen197
)
(i:/texlive/2016/texmf-dist/tex/generic/pgf/basiclayer/pgfcorescopes.code.tex
File: pgfcorescopes.code.tex 2015/05/08  (rcs-revision 1.46)
\pgfpic=\box48
\pgf@hbox=\box49
\pgf@layerbox@main=\box50
\pgf@picture@serial@count=\count152
)
(i:/texlive/2016/texmf-dist/tex/generic/pgf/basiclayer/pgfcoregraphicstate.code
.tex
File: pgfcoregraphicstate.code.tex 2014/11/02  (rcs-revision 1.12)
\pgflinewidth=\dimen198
)
(i:/texlive/2016/texmf-dist/tex/generic/pgf/basiclayer/pgfcoretransformations.c
ode.tex
File: pgfcoretransformations.code.tex 2015/08/07  (rcs-revision 1.20)
\pgf@pt@x=\dimen199
\pgf@pt@y=\dimen256
\pgf@pt@temp=\dimen257
)
(i:/texlive/2016/texmf-dist/tex/generic/pgf/basiclayer/pgfcorequick.code.tex
File: pgfcorequick.code.tex 2008/10/09  (rcs-revision 1.3)
)
(i:/texlive/2016/texmf-dist/tex/generic/pgf/basiclayer/pgfcoreobjects.code.tex
File: pgfcoreobjects.code.tex 2006/10/11  (rcs-revision 1.2)
)
(i:/texlive/2016/texmf-dist/tex/generic/pgf/basiclayer/pgfcorepathprocessing.co
de.tex
File: pgfcorepathprocessing.code.tex 2013/09/09  (rcs-revision 1.9)
)
(i:/texlive/2016/texmf-dist/tex/generic/pgf/basiclayer/pgfcorearrows.code.tex
File: pgfcorearrows.code.tex 2015/05/14  (rcs-revision 1.43)
\pgfarrowsep=\dimen258
)
(i:/texlive/2016/texmf-dist/tex/generic/pgf/basiclayer/pgfcoreshade.code.tex
File: pgfcoreshade.code.tex 2013/07/15  (rcs-revision 1.15)
\pgf@max=\dimen259
\pgf@sys@shading@range@num=\count153
)
(i:/texlive/2016/texmf-dist/tex/generic/pgf/basiclayer/pgfcoreimage.code.tex
File: pgfcoreimage.code.tex 2013/07/15  (rcs-revision 1.18)

(i:/texlive/2016/texmf-dist/tex/generic/pgf/basiclayer/pgfcoreexternal.code.tex
File: pgfcoreexternal.code.tex 2014/07/09  (rcs-revision 1.21)
\pgfexternal@startupbox=\box51
))
(i:/texlive/2016/texmf-dist/tex/generic/pgf/basiclayer/pgfcorelayers.code.tex
File: pgfcorelayers.code.tex 2013/07/18  (rcs-revision 1.7)
)
(i:/texlive/2016/texmf-dist/tex/generic/pgf/basiclayer/pgfcoretransparency.code
.tex
File: pgfcoretransparency.code.tex 2013/09/30  (rcs-revision 1.5)
)
(i:/texlive/2016/texmf-dist/tex/generic/pgf/basiclayer/pgfcorepatterns.code.tex
File: pgfcorepatterns.code.tex 2013/11/07  (rcs-revision 1.5)
)))
(i:/texlive/2016/texmf-dist/tex/generic/pgf/modules/pgfmoduleshapes.code.tex
File: pgfmoduleshapes.code.tex 2014/03/21  (rcs-revision 1.35)
\pgfnodeparttextbox=\box52
)
(i:/texlive/2016/texmf-dist/tex/generic/pgf/modules/pgfmoduleplot.code.tex
File: pgfmoduleplot.code.tex 2015/08/03  (rcs-revision 1.13)
)
(i:/texlive/2016/texmf-dist/tex/latex/pgf/compatibility/pgfcomp-version-0-65.st
y
Package: pgfcomp-version-0-65 2007/07/03 v3.0.1a (rcs-revision 1.7)
\pgf@nodesepstart=\dimen260
\pgf@nodesepend=\dimen261
)
(i:/texlive/2016/texmf-dist/tex/latex/pgf/compatibility/pgfcomp-version-1-18.st
y
Package: pgfcomp-version-1-18 2007/07/23 v3.0.1a (rcs-revision 1.1)
)) (i:/texlive/2016/texmf-dist/tex/latex/pgf/utilities/pgffor.sty
(i:/texlive/2016/texmf-dist/tex/latex/pgf/utilities/pgfkeys.sty
(i:/texlive/2016/texmf-dist/tex/generic/pgf/utilities/pgfkeys.code.tex))
(i:/texlive/2016/texmf-dist/tex/latex/pgf/math/pgfmath.sty
(i:/texlive/2016/texmf-dist/tex/generic/pgf/math/pgfmath.code.tex))
(i:/texlive/2016/texmf-dist/tex/generic/pgf/utilities/pgffor.code.tex
Package: pgffor 2013/12/13 v3.0.1a (rcs-revision 1.25)

(i:/texlive/2016/texmf-dist/tex/generic/pgf/math/pgfmath.code.tex)
\pgffor@iter=\dimen262
\pgffor@skip=\dimen263
\pgffor@stack=\toks30
\pgffor@toks=\toks31
))
(i:/texlive/2016/texmf-dist/tex/generic/pgf/frontendlayer/tikz/tikz.code.tex
Package: tikz 2015/08/07 v3.0.1a (rcs-revision 1.151)

(i:/texlive/2016/texmf-dist/tex/generic/pgf/libraries/pgflibraryplothandlers.co
de.tex
File: pgflibraryplothandlers.code.tex 2013/08/31 v3.0.1a (rcs-revision 1.20)
\pgf@plot@mark@count=\count154
\pgfplotmarksize=\dimen264
)
\tikz@lastx=\dimen265
\tikz@lasty=\dimen266
\tikz@lastxsaved=\dimen267
\tikz@lastysaved=\dimen268
\tikzleveldistance=\dimen269
\tikzsiblingdistance=\dimen270
\tikz@figbox=\box53
\tikz@figbox@bg=\box54
\tikz@tempbox=\box55
\tikz@tempbox@bg=\box56
\tikztreelevel=\count155
\tikznumberofchildren=\count156
\tikznumberofcurrentchild=\count157
\tikz@fig@count=\count158

(i:/texlive/2016/texmf-dist/tex/generic/pgf/modules/pgfmodulematrix.code.tex
File: pgfmodulematrix.code.tex 2013/09/17  (rcs-revision 1.8)
\pgfmatrixcurrentrow=\count159
\pgfmatrixcurrentcolumn=\count160
\pgf@matrix@numberofcolumns=\count161
)
\tikz@expandcount=\count162

(i:/texlive/2016/texmf-dist/tex/generic/pgf/frontendlayer/tikz/libraries/tikzli
brarytopaths.code.tex
File: tikzlibrarytopaths.code.tex 2008/06/17 v3.0.1a (rcs-revision 1.2)
)))
(i:/texlive/2016/texmf-dist/tex/latex/amscls/amsthm.sty
Package: amsthm 2015/03/04 v2.20.2
\thm@style=\toks32
\thm@bodyfont=\toks33
\thm@headfont=\toks34
\thm@notefont=\toks35
\thm@headpunct=\toks36
\thm@preskip=\skip56
\thm@postskip=\skip57
\thm@headsep=\skip58
\dth@everypar=\toks37
)
(i:/texlive/2016/texmf-dist/tex/latex/framed/framed.sty
Package: framed 2011/10/22 v 0.96: framed or shaded text with page breaks
\OuterFrameSep=\skip59
\fb@frw=\dimen271
\fb@frh=\dimen272
\FrameRule=\dimen273
\FrameSep=\dimen274
)
(i:/texlive/2016/texmf-dist/tex/generic/pgf/frontendlayer/tikz/libraries/tikzli
brarydecorations.pathmorphing.code.tex
(i:/texlive/2016/texmf-dist/tex/generic/pgf/frontendlayer/tikz/libraries/tikzli
brarydecorations.code.tex
(i:/texlive/2016/texmf-dist/tex/generic/pgf/modules/pgfmoduledecorations.code.t
ex
\pgfdecoratedcompleteddistance=\dimen275
\pgfdecoratedremainingdistance=\dimen276
\pgfdecoratedinputsegmentcompleteddistance=\dimen277
\pgfdecoratedinputsegmentremainingdistance=\dimen278
\pgf@decorate@distancetomove=\dimen279
\pgf@decorate@repeatstate=\count163
\pgfdecorationsegmentamplitude=\dimen280
\pgfdecorationsegmentlength=\dimen281
)
\tikz@lib@dec@box=\box57
)
(i:/texlive/2016/texmf-dist/tex/generic/pgf/libraries/decorations/pgflibrarydec
orations.pathmorphing.code.tex))
(i:/texlive/2016/texmf-dist/tex/generic/pgf/frontendlayer/tikz/libraries/tikzli
brarycalc.code.tex
File: tikzlibrarycalc.code.tex 2013/07/15 v3.0.1a (rcs-revision 1.9)
)
\pgf@layerbox@background=\box58
\pgf@layerboxsaved@background=\box59
\boiboite=\box60
\boiboitedeux=\box61
) (i:/texlive/2016/texmf-dist/tex/latex/amsmath/amsmath.sty
Package: amsmath 2016/03/10 v2.15b AMS math features
\@mathmargin=\skip60

For additional information on amsmath, use the `?' option.
(i:/texlive/2016/texmf-dist/tex/latex/amsmath/amstext.sty
Package: amstext 2000/06/29 v2.01 AMS text

(i:/texlive/2016/texmf-dist/tex/latex/amsmath/amsgen.sty
File: amsgen.sty 1999/11/30 v2.0 generic functions
\@emptytoks=\toks38
\ex@=\dimen282
))
(i:/texlive/2016/texmf-dist/tex/latex/amsmath/amsbsy.sty
Package: amsbsy 1999/11/29 v1.2d Bold Symbols
\pmbraise@=\dimen283
)
(i:/texlive/2016/texmf-dist/tex/latex/amsmath/amsopn.sty
Package: amsopn 2016/03/08 v2.02 operator names
)
\inf@bad=\count164
LaTeX Info: Redefining \frac on input line 199.
\uproot@=\count165
\leftroot@=\count166
LaTeX Info: Redefining \overline on input line 297.
\classnum@=\count167
\DOTSCASE@=\count168
LaTeX Info: Redefining \ldots on input line 394.
LaTeX Info: Redefining \dots on input line 397.
LaTeX Info: Redefining \cdots on input line 518.
\Mathstrutbox@=\box62
\strutbox@=\box63
\big@size=\dimen284
LaTeX Font Info:    Redeclaring font encoding OML on input line 634.
LaTeX Font Info:    Redeclaring font encoding OMS on input line 635.
\macc@depth=\count169
\c@MaxMatrixCols=\count170
\dotsspace@=\muskip17
\c@parentequation=\count171
\dspbrk@lvl=\count172
\tag@help=\toks39
\row@=\count173
\column@=\count174
\maxfields@=\count175
\andhelp@=\toks40
\eqnshift@=\dimen285
\alignsep@=\dimen286
\tagshift@=\dimen287
\tagwidth@=\dimen288
\totwidth@=\dimen289
\lineht@=\dimen290
\@envbody=\toks41
\multlinegap=\skip61
\multlinetaggap=\skip62
\mathdisplay@stack=\toks42
LaTeX Info: Redefining \[ on input line 2739.
LaTeX Info: Redefining \] on input line 2740.
)
(i:/texlive/2016/texmf-dist/tex/latex/amsfonts/amssymb.sty
Package: amssymb 2013/01/14 v3.01 AMS font symbols

(i:/texlive/2016/texmf-dist/tex/latex/amsfonts/amsfonts.sty
Package: amsfonts 2013/01/14 v3.01 Basic AMSFonts support
\symAMSa=\mathgroup4
\symAMSb=\mathgroup5
LaTeX Font Info:    Overwriting math alphabet `\mathfrak' in version `bold'
(Font)                  U/euf/m/n --> U/euf/b/n on input line 106.
))
(i:/texlive/2016/texmf-dist/tex/latex/tcolorbox/tcolorbox.sty
Package: tcolorbox 2016/04/27 version 3.91 text color boxes

(i:/texlive/2016/texmf-dist/tex/latex/tools/verbatim.sty
Package: verbatim 2014/10/28 v1.5q LaTeX2e package for verbatim enhancements
\every@verbatim=\toks43
\verbatim@line=\toks44
\verbatim@in@stream=\read3
)
(i:/texlive/2016/texmf-dist/tex/latex/environ/environ.sty
Package: environ 2014/05/04 v0.3 A new way to define environments

(i:/texlive/2016/texmf-dist/tex/latex/trimspaces/trimspaces.sty
Package: trimspaces 2009/09/17 v1.1 Trim spaces around a token list
))
(i:/texlive/2016/texmf-dist/tex/latex/etoolbox/etoolbox.sty
Package: etoolbox 2015/08/02 v2.2a e-TeX tools for LaTeX (JAW)
\etb@tempcnta=\count176
)
\tcb@titlebox=\box64
\tcb@upperbox=\box65
\tcb@lowerbox=\box66
\tcb@phantombox=\box67
\c@tcbbreakpart=\count177
\c@tcblayer=\count178
\tcolorbox@number=\count179
\tcb@temp=\box68
\tcb@temp=\box69
\tcb@temp=\box70
\tcb@temp=\box71
\tcb@out=\write4
\tcb@record@out=\write5

(i:/texlive/2016/texmf-dist/tex/latex/tcolorbox/tcblistings.code.tex
Library (tcolorbox): 'tcblistings.code.tex' version '3.91'
(i:/texlive/2016/texmf-dist/tex/latex/listings/listings.sty
\lst@mode=\count180
\lst@gtempboxa=\box72
\lst@token=\toks45
\lst@length=\count181
\lst@currlwidth=\dimen291
\lst@column=\count182
\lst@pos=\count183
\lst@lostspace=\dimen292
\lst@width=\dimen293
\lst@newlines=\count184
\lst@lineno=\count185
\lst@maxwidth=\dimen294

(i:/texlive/2016/texmf-dist/tex/latex/listings/lstmisc.sty
File: lstmisc.sty 2015/06/04 1.6 (Carsten Heinz)
\c@lstnumber=\count186
\lst@skipnumbers=\count187
\lst@framebox=\box73
)
(i:/texlive/2016/texmf-dist/tex/latex/listings/listings.cfg
File: listings.cfg 2015/06/04 1.6 listings configuration
))
Package: listings 2015/06/04 1.6 (Carsten Heinz)

(i:/texlive/2016/texmf-dist/tex/latex/tcolorbox/tcblistingscore.code.tex
Library (tcolorbox): 'tcblistingscore.code.tex' version '3.91'
(i:/texlive/2016/texmf-dist/tex/generic/oberdiek/pdftexcmds.sty
Package: pdftexcmds 2016/05/10 v0.21 Utility functions of pdfTeX for LuaTeX (HO
)

(i:/texlive/2016/texmf-dist/tex/generic/oberdiek/ifpdf.sty
Package: ifpdf 2016/05/14 v3.1 Provides the ifpdf switch
)
Package pdftexcmds Info: LuaTeX not detected.
Package pdftexcmds Info: pdfTeX >= 1.30 not detected.
Package pdftexcmds Info: \pdf@primitive is available.
Package pdftexcmds Info: \pdf@ifprimitive is available.
Package pdftexcmds Info: \pdfdraftmode not found.
)
\c@tcblisting=\count188
))
(i:/texlive/2016/texmf-dist/tex/latex/tcolorbox/tcbtheorems.code.tex
Library (tcolorbox): 'tcbtheorems.code.tex' version '3.91'
)) (i:/texlive/2016/texmf-dist/tex/latex/titlesec/titlesec.sty
Package: titlesec 2016/03/21 v2.10.2 Sectioning titles
\ttl@box=\box74
\beforetitleunit=\skip63
\aftertitleunit=\skip64
\ttl@plus=\dimen295
\ttl@minus=\dimen296
\ttl@toksa=\toks46
\titlewidth=\dimen297
\titlewidthlast=\dimen298
\titlewidthfirst=\dimen299
)
(i:/texlive/2016/texmf-dist/tex/latex/booktabs/booktabs.sty
Package: booktabs 2016/04/27 v1.618033 publication quality tables
\heavyrulewidth=\dimen300
\lightrulewidth=\dimen301
\cmidrulewidth=\dimen302
\belowrulesep=\dimen303
\belowbottomsep=\dimen304
\aboverulesep=\dimen305
\abovetopsep=\dimen306
\cmidrulesep=\dimen307
\cmidrulekern=\dimen308
\defaultaddspace=\dimen309
\@cmidla=\count189
\@cmidlb=\count190
\@aboverulesep=\dimen310
\@belowrulesep=\dimen311
\@thisruleclass=\count191
\@lastruleclass=\count192
\@thisrulewidth=\dimen312
)
(i:/texlive/2016/texmf-dist/tex/latex/tools/array.sty
Package: array 2014/10/28 v2.4c Tabular extension package (FMi)
\col@sep=\dimen313
\extrarowheight=\dimen314
\NC@list=\toks47
\extratabsurround=\skip65
\backup@length=\skip66
)
(i:/texlive/2016/texmf-dist/tex/latex/multirow/multirow.sty
\bigstrutjot=\dimen315
)
(i:/texlive/2016/texmf-dist/tex/latex/colortbl/colortbl.sty
Package: colortbl 2012/02/13 v1.0a Color table columns (DPC)
\everycr=\toks48
\minrowclearance=\skip67
)
(i:/texlive/2016/texmf-dist/tex/latex/multirow/bigstrut.sty)
(i:/texlive/2016/texmf-dist/tex/latex/tools/longtable.sty
Package: longtable 2014/10/28 v4.11 Multi-page Table package (DPC)
\LTleft=\skip68
\LTright=\skip69
\LTpre=\skip70
\LTpost=\skip71
\LTchunksize=\count193
\LTcapwidth=\dimen316
\LT@head=\box75
\LT@firsthead=\box76
\LT@foot=\box77
\LT@lastfoot=\box78
\LT@cols=\count194
\LT@rows=\count195
\c@LT@tables=\count196
\c@LT@chunks=\count197
\LT@p@ftn=\toks49
)
(i:/texlive/2016/texmf-dist/tex/latex/geometry/geometry.sty
Package: geometry 2010/09/12 v5.6 Page Geometry

(i:/texlive/2016/texmf-dist/tex/generic/oberdiek/ifvtex.sty
Package: ifvtex 2016/05/16 v1.6 Detect VTeX and its facilities (HO)
Package ifvtex Info: VTeX not detected.
)
\Gm@cnth=\count198
\Gm@cntv=\count199
\c@Gm@tempcnt=\count266
\Gm@bindingoffset=\dimen317
\Gm@wd@mp=\dimen318
\Gm@odd@mp=\dimen319
\Gm@even@mp=\dimen320
\Gm@layoutwidth=\dimen321
\Gm@layoutheight=\dimen322
\Gm@layouthoffset=\dimen323
\Gm@layoutvoffset=\dimen324
\Gm@dimlist=\toks50
)
(i:/texlive/2016/texmf-dist/tex/generic/babel/babel.sty
Package: babel 2016/04/23 3.9r The Babel package

(i:/texlive/2016/texmf-dist/tex/generic/babel-english/english.ldf
Language: english 2012/08/20 v3.3p English support from the babel system

(i:/texlive/2016/texmf-dist/tex/generic/babel/babel.def
File: babel.def 2016/04/23 3.9r Babel common definitions
\babel@savecnt=\count267
\U@D=\dimen325

(i:/texlive/2016/texmf-dist/tex/generic/babel/xebabel.def))
\l@canadian = a dialect from \language\l@american 
\l@australian = a dialect from \language\l@british 
\l@newzealand = a dialect from \language\l@british 
)) (./nexus.sty
Package: nexus 2016/10/30 version 1.1

(i:/texlive/2016/texmf-dist/tex/latex/textpos/textpos.sty
Package: textpos 2014/01/03 v1.7j

Package: textpos 2014/01/03 1.7j, absolute positioning of text on the page
\TP@textbox=\box79
\TP@holdbox=\box80
\TPHorizModule=\dimen326
\TPVertModule=\dimen327
\TP@margin=\dimen328
\TP@absmargin=\dimen329
Grid set 16 x 16 = 37.34424pt x 52.81541pt
\TPboxrulesize=\dimen330
\TP@ox=\dimen331
\TP@oy=\dimen332
\TP@tbargs=\toks51
\TP@prevdepth=\dimen333
TextBlockOrigin set to 0pt x 0pt
) (i:/texlive/2016/texmf-dist/tex/latex/fancyhdr/fancyhdr.sty
\fancy@headwidth=\skip72
\f@ncyO@elh=\skip73
\f@ncyO@erh=\skip74
\f@ncyO@olh=\skip75
\f@ncyO@orh=\skip76
\f@ncyO@elf=\skip77
\f@ncyO@erf=\skip78
\f@ncyO@olf=\skip79
\f@ncyO@orf=\skip80
)
(i:/texlive/2016/texmf-dist/tex/generic/oberdiek/alphalph.sty
Package: alphalph 2016/05/16 v2.5 Convert numbers to letters (HO)

(i:/texlive/2016/texmf-dist/tex/generic/oberdiek/intcalc.sty
Package: intcalc 2016/05/16 v1.2 Expandable calculations with integers (HO)
))
(i:/texlive/2016/texmf-dist/tex/latex/base/ifthen.sty
Package: ifthen 2014/09/29 v1.1c Standard LaTeX ifthen package (DPC)
)
(i:/texlive/2016/texmf-dist/tex/latex/appendix/appendix.sty
Package: appendix 2009/09/02 v1.2b extra appendix facilities
\c@@pps=\count268
\c@@ppsavesec=\count269
\c@@ppsaveapp=\count270
)
(i:/texlive/2016/texmf-dist/tex/latex/titlesec/titletoc.sty
Package: titletoc 2011/12/15 v1.6 TOC entries
\ttl@leftsep=\dimen334
)
(i:/texlive/2016/texmf-dist/tex/latex/assoccnt/assoccnt.sty
Package: assoccnt 2015/09/29 v0.8-- Associate counters stepping

assoccnt.sty{} -- version v0.8
(i:/texlive/2016/texmf-dist/tex/generic/xstring/xstring.sty
(i:/texlive/2016/texmf-dist/tex/generic/xstring/xstring.tex
\@xs@message=\write6
\integerpart=\count271
\decimalpart=\count272
)
Package: xstring 2013/10/13  v1.7c  String manipulations (C Tellechea)
)
\c@@@assoccnt@@internalcounter=\count273
)
(i:/texlive/2016/texmf-dist/tex/latex/totcount/totcount.sty
Package: totcount 2011/01/25 v1.2 package for gettingthe total value of LaTeX c
ounters
)
\c@totalchapters=\count274
\c@totalchapters@totc=\count275
\c@chapter@totc=\count276
\reclength=\skip81
\c@charpitre=\count277
)
(i:/texlive/2016/texmf-dist/tex/latex/lipsum/lipsum.sty
Package: lipsum 2014/07/27 v1.3 150 paragraphs of Lorem Ipsum dummy text
\c@lips@count=\count278
)
(i:/texlive/2016/texmf-dist/tex/latex/hyperref/hyperref.sty
Package: hyperref 2016/05/05 v6.83n Hypertext links for LaTeX

(i:/texlive/2016/texmf-dist/tex/generic/oberdiek/hobsub-hyperref.sty
Package: hobsub-hyperref 2016/05/16 v1.14 Bundle oberdiek, subset hyperref (HO)


(i:/texlive/2016/texmf-dist/tex/generic/oberdiek/hobsub-generic.sty
Package: hobsub-generic 2016/05/16 v1.14 Bundle oberdiek, subset generic (HO)
Package: hobsub 2016/05/16 v1.14 Construct package bundles (HO)
Package hobsub Info: Skipping package `infwarerr' (already loaded).
Package hobsub Info: Skipping package `ltxcmds' (already loaded).
Package hobsub Info: Skipping package `ifluatex' (already loaded).
Package hobsub Info: Skipping package `ifvtex' (already loaded).
Package hobsub Info: Skipping package `intcalc' (already loaded).
Package hobsub Info: Skipping package `ifpdf' (already loaded).
Package: etexcmds 2016/05/16 v1.6 Avoid name clashes with e-TeX commands (HO)
Package etexcmds Info: Could not find \expanded.
(etexcmds)             That can mean that you are not using pdfTeX 1.50 or
(etexcmds)             that some package has redefined \expanded.
(etexcmds)             In the latter case, load this package earlier.
Package: kvsetkeys 2016/05/16 v1.17 Key value parser (HO)
Package: kvdefinekeys 2016/05/16 v1.4 Define keys (HO)
Package hobsub Info: Skipping package `pdftexcmds' (already loaded).
Package: pdfescape 2016/05/16 v1.14 Implements pdfTeX's escape features (HO)
Package: bigintcalc 2016/05/16 v1.4 Expandable calculations on big integers (HO
)
Package: bitset 2016/05/16 v1.2 Handle bit-vector datatype (HO)
Package: uniquecounter 2016/05/16 v1.3 Provide unlimited unique counter (HO)
)
Package hobsub Info: Skipping package `hobsub' (already loaded).
Package: letltxmacro 2016/05/16 v1.5 Let assignment for LaTeX macros (HO)
Package: hopatch 2016/05/16 v1.3 Wrapper for package hooks (HO)
Package: xcolor-patch 2016/05/16 xcolor patch
Package: atveryend 2016/05/16 v1.9 Hooks at the very end of document (HO)
Package: atbegshi 2016/05/16 v1.17 At begin shipout hook (HO)
Package: refcount 2016/05/16 v3.5 Data extraction from label references (HO)
Package: hycolor 2016/05/16 v1.8 Color options for hyperref/bookmark (HO)
)
(i:/texlive/2016/texmf-dist/tex/latex/oberdiek/auxhook.sty
Package: auxhook 2016/05/16 v1.4 Hooks for auxiliary files (HO)
)
(i:/texlive/2016/texmf-dist/tex/latex/oberdiek/kvoptions.sty
Package: kvoptions 2016/05/16 v3.12 Key value format for package options (HO)
)
\@linkdim=\dimen335
\Hy@linkcounter=\count279
\Hy@pagecounter=\count280

(i:/texlive/2016/texmf-dist/tex/latex/hyperref/pd1enc.def
File: pd1enc.def 2016/05/05 v6.83n Hyperref: PDFDocEncoding definition (HO)
)
\Hy@SavedSpaceFactor=\count281

(i:/texlive/2016/texmf-dist/tex/latex/latexconfig/hyperref.cfg
File: hyperref.cfg 2002/06/06 v1.2 hyperref configuration of TeXLive
)
Package hyperref Info: Option `verbose' set `true' on input line 4322.
Package hyperref Info: Hyper figures OFF on input line 4446.
Package hyperref Info: Link nesting OFF on input line 4451.
Package hyperref Info: Hyper index ON on input line 4454.
Package hyperref Info: Plain pages OFF on input line 4461.
Package hyperref Info: Backreferencing OFF on input line 4466.
Package hyperref Info: Implicit mode ON; LaTeX internals redefined.
Package hyperref Info: Bookmarks ON on input line 4691.
\c@Hy@tempcnt=\count282

(i:/texlive/2016/texmf-dist/tex/latex/url/url.sty
\Urlmuskip=\muskip18
Package: url 2013/09/16  ver 3.4  Verb mode for urls, etc.
)
LaTeX Info: Redefining \url on input line 5044.
\XeTeXLinkMargin=\dimen336
Requested font "pzdr" at 0.00002pt
 -> i:/texlive/2016/texmf-dist/fonts/tfm/adobe/zapfding/pzdr.tfm
\Fld@menulength=\count283
\Field@Width=\dimen337
\Fld@charsize=\dimen338
Package hyperref Info: Hyper figures OFF on input line 6298.
Package hyperref Info: Link nesting OFF on input line 6303.
Package hyperref Info: Hyper index ON on input line 6306.
Package hyperref Info: backreferencing OFF on input line 6313.
Package hyperref Info: Link coloring OFF on input line 6318.
Package hyperref Info: Link coloring with OCG OFF on input line 6323.
Package hyperref Info: PDF/A mode OFF on input line 6328.
LaTeX Info: Redefining \ref on input line 6368.
LaTeX Info: Redefining \pageref on input line 6372.
\Hy@abspage=\count284
\c@Item=\count285
\c@Hfootnote=\count286
)

Package hyperref Message: Driver (autodetected): hxetex.

(i:/texlive/2016/texmf-dist/tex/latex/hyperref/hxetex.def
File: hxetex.def 2016/05/05 v6.83n Hyperref driver for XeTeX

(i:/texlive/2016/texmf-dist/tex/latex/hyperref/puenc.def
File: puenc.def 2016/05/05 v6.83n Hyperref: PDF Unicode definition (HO)
)
(i:/texlive/2016/texmf-dist/tex/generic/oberdiek/stringenc.sty
Package: stringenc 2016/05/16 v1.11 Convert strings between diff. encodings (HO
)
)
\pdfm@box=\box81
\c@Hy@AnnotLevel=\count287
\HyField@AnnotCount=\count288
\Fld@listcount=\count289
\c@bookmark@seq@number=\count290

(i:/texlive/2016/texmf-dist/tex/latex/oberdiek/rerunfilecheck.sty
Package: rerunfilecheck 2016/05/16 v1.8 Rerun checks for auxiliary files (HO)
Package rerunfilecheck Info: Feature \pdfmdfivesum is not available
(rerunfilecheck)             (e.g. pdfTeX or LuaTeX with package `pdftexcmds').

(rerunfilecheck)             Therefore file contents cannot be checked efficien
tly
(rerunfilecheck)             and the loading of the package is aborted.
)
\Hy@SectionHShift=\skip82
)
\c@compteurPROP=\count291
\c@somecounter=\count292
\c@test=\count293

(i:/texlive/2016/texmf-dist/tex/xelatex/xecjk/xeCJK-listings.sty
Package: xeCJK-listings 2016/05/14 v3.4.0 xeCJK patch file for listings
\l__xeCJK_listings_max_char_int=\count294
\l__xeCJK_listings_flag_int=\count295
) (./test.aux
(./titlepage.aux))
\openout1 = `test.aux'.

LaTeX Font Info:    Checking defaults for OML/cmm/m/it on input line 123.
LaTeX Font Info:    ... okay on input line 123.
LaTeX Font Info:    Checking defaults for T1/cmr/m/n on input line 123.
LaTeX Font Info:    ... okay on input line 123.
LaTeX Font Info:    Checking defaults for OT1/cmr/m/n on input line 123.
LaTeX Font Info:    ... okay on input line 123.
LaTeX Font Info:    Checking defaults for OMS/cmsy/m/n on input line 123.
LaTeX Font Info:    ... okay on input line 123.
LaTeX Font Info:    Checking defaults for OMX/cmex/m/n on input line 123.
LaTeX Font Info:    ... okay on input line 123.
LaTeX Font Info:    Checking defaults for U/cmr/m/n on input line 123.
LaTeX Font Info:    ... okay on input line 123.
LaTeX Font Info:    Checking defaults for EU1/lmr/m/n on input line 123.
LaTeX Font Info:    ... okay on input line 123.
LaTeX Font Info:    Checking defaults for T3/cmr/m/n on input line 123.
LaTeX Font Info:    Try loading font information for T3+cmr on input line 123.
 (i:/texlive/2016/texmf-dist/tex/latex/tipa/t3cmr.fd
File: t3cmr.fd 2001/12/31 TIPA font definitions
)
LaTeX Font Info:    ... okay on input line 123.
LaTeX Font Info:    Checking defaults for TS1/cmr/m/n on input line 123.
LaTeX Font Info:    Try loading font information for TS1+cmr on input line 123.


(i:/texlive/2016/texmf-dist/tex/latex/base/ts1cmr.fd
File: ts1cmr.fd 2014/09/29 v2.5h Standard LaTeX font definitions
)
LaTeX Font Info:    ... okay on input line 123.
LaTeX Font Info:    Checking defaults for PD1/pdf/m/n on input line 123.
LaTeX Font Info:    ... okay on input line 123.
LaTeX Font Info:    Checking defaults for PU/pdf/m/n on input line 123.
LaTeX Font Info:    ... okay on input line 123.
.................................................
. fontspec info: "setup-math"
. 
. Adjusting the maths setup (use [no-math] to avoid this).
.................................................
\symlegacymaths=\mathgroup6
LaTeX Font Info:    Overwriting symbol font `legacymaths' in version `bold'
(Font)                  OT1/cmr/m/n --> OT1/cmr/bx/n on input line 123.
LaTeX Font Info:    Redeclaring math accent \acute on input line 123.
LaTeX Font Info:    Redeclaring math accent \grave on input line 123.
LaTeX Font Info:    Redeclaring math accent \ddot on input line 123.
LaTeX Font Info:    Redeclaring math accent \tilde on input line 123.
LaTeX Font Info:    Redeclaring math accent \bar on input line 123.
LaTeX Font Info:    Redeclaring math accent \breve on input line 123.
LaTeX Font Info:    Redeclaring math accent \check on input line 123.
LaTeX Font Info:    Redeclaring math accent \hat on input line 123.
LaTeX Font Info:    Redeclaring math accent \dot on input line 123.
LaTeX Font Info:    Redeclaring math accent \mathring on input line 123.
LaTeX Font Info:    Redeclaring math symbol \Gamma on input line 123.
LaTeX Font Info:    Redeclaring math symbol \Delta on input line 123.
LaTeX Font Info:    Redeclaring math symbol \Theta on input line 123.
LaTeX Font Info:    Redeclaring math symbol \Lambda on input line 123.
LaTeX Font Info:    Redeclaring math symbol \Xi on input line 123.
LaTeX Font Info:    Redeclaring math symbol \Pi on input line 123.
LaTeX Font Info:    Redeclaring math symbol \Sigma on input line 123.
LaTeX Font Info:    Redeclaring math symbol \Upsilon on input line 123.
LaTeX Font Info:    Redeclaring math symbol \Phi on input line 123.
LaTeX Font Info:    Redeclaring math symbol \Psi on input line 123.
LaTeX Font Info:    Redeclaring math symbol \Omega on input line 123.
LaTeX Font Info:    Redeclaring math symbol \mathdollar on input line 123.
LaTeX Font Info:    Redeclaring symbol font `operators' on input line 123.
LaTeX Font Info:    Encoding `OT1' has changed to `EU1' for symbol font
(Font)              `operators' in the math version `normal' on input line 123.

LaTeX Font Info:    Overwriting symbol font `operators' in version `normal'
(Font)                  OT1/cmr/m/n --> EU1/MinionPro(0)/m/n on input line 123.

LaTeX Font Info:    Encoding `OT1' has changed to `EU1' for symbol font
(Font)              `operators' in the math version `bold' on input line 123.
LaTeX Font Info:    Overwriting symbol font `operators' in version `bold'
(Font)                  OT1/cmr/bx/n --> EU1/MinionPro(0)/m/n on input line 123
.
LaTeX Font Info:    Overwriting symbol font `operators' in version `normal'
(Font)                  EU1/MinionPro(0)/m/n --> EU1/MinionPro(0)/m/n on input 
line 123.
LaTeX Font Info:    Overwriting math alphabet `\mathit' in version `normal'
(Font)                  OT1/cmr/m/it --> EU1/MinionPro(0)/m/it on input line 12
3.
LaTeX Font Info:    Overwriting math alphabet `\mathbf' in version `normal'
(Font)                  OT1/cmr/bx/n --> EU1/MinionPro(0)/bx/n on input line 12
3.
LaTeX Font Info:    Overwriting math alphabet `\mathsf' in version `normal'
(Font)                  OT1/cmss/m/n --> EU1/MyriadPro(0)/m/n on input line 123
.
LaTeX Font Info:    Overwriting math alphabet `\mathtt' in version `normal'
(Font)                  OT1/cmtt/m/n --> EU1/lmtt/m/n on input line 123.
LaTeX Font Info:    Overwriting symbol font `operators' in version `bold'
(Font)                  EU1/MinionPro(0)/m/n --> EU1/MinionPro(0)/bx/n on input
 line 123.
LaTeX Font Info:    Overwriting math alphabet `\mathit' in version `bold'
(Font)                  OT1/cmr/bx/it --> EU1/MinionPro(0)/bx/it on input line 
123.
LaTeX Font Info:    Overwriting math alphabet `\mathsf' in version `bold'
(Font)                  OT1/cmss/bx/n --> EU1/MyriadPro(0)/bx/n on input line 1
23.
LaTeX Font Info:    Overwriting math alphabet `\mathtt' in version `bold'
(Font)                  OT1/cmtt/m/n --> EU1/lmtt/bx/n on input line 123.
LaTeX Info: Redefining \microtypecontext on input line 123.
Package microtype Info: Character protrusion enabled (level 2).
Package microtype Info: Using default protrusion set `alltext'.
Package microtype Info: No adjustment of tracking.
Package microtype Info: No adjustment of spacing.
Package microtype Info: No adjustment of kerning.
Package microtype Info: Loading generic settings for font family
(microtype)             `MinionPro' (encoding: EU1).
(microtype)             For optimal results, create family-specific settings.
(microtype)             See the microtype manual for details.


Package microtype Warning: One or more slots in the configuration are unknown.
(microtype)                Make sure that no text commands are used.
(microtype)                See the documentation for details (the note
(microtype)                on `xeCJK' in section 9: `Hints and caveats').

ABD: EveryShipout initializing macros
\c@lstlisting=\count296

*geometry* driver: auto-detecting
*geometry* detected driver: xetex
*geometry* verbose mode - [ preamble ] result:
* driver: xetex
* paper: a4paper
* layout: <same size as paper>
* layoutoffset:(h,v)=(0.0pt,0.0pt)
* modes: 
* h-part:(L,W,R)=(71.13188pt, 455.24411pt, 71.13188pt)
* v-part:(T,H,B)=(71.13188pt, 702.78308pt, 71.13188pt)
* \paperwidth=597.50787pt
* \paperheight=845.04684pt
* \textwidth=455.24411pt
* \textheight=702.78308pt
* \oddsidemargin=-1.1381pt
* \evensidemargin=-1.1381pt
* \topmargin=-33.0119pt
* \headheight=15.0pt
* \headsep=19.8738pt
* \topskip=12.0pt
* \footskip=50.0pt
* \marginparwidth=47.0pt
* \marginparsep=7.0pt
* \columnsep=10.0pt
* \skip\footins=10.8pt plus 4.0pt minus 2.0pt
* \hoffset=0.0pt
* \voffset=0.0pt
* \mag=1000
* \@twocolumnfalse
* \@twosidefalse
* \@mparswitchfalse
* \@reversemarginfalse
* (1in=72.27pt=25.4mm, 1cm=28.453pt)

\AtBeginShipoutBox=\box82
Package hyperref Info: Link coloring OFF on input line 123.
(i:/texlive/2016/texmf-dist/tex/latex/hyperref/nameref.sty
Package: nameref 2012/10/27 v2.43 Cross-referencing by name of section

(i:/texlive/2016/texmf-dist/tex/generic/oberdiek/gettitlestring.sty
Package: gettitlestring 2016/05/16 v1.5 Cleanup title references (HO)
)
\c@section@level=\count297
)
LaTeX Info: Redefining \ref on input line 123.
LaTeX Info: Redefining \pageref on input line 123.
LaTeX Info: Redefining \nameref on input line 123.

(./test.out) (./test.out)
\@outlinefile=\write7
\openout7 = `test.out'.

Package hyperref Info: Anchor `Doc-Start' on input line 123.
\openout2 = `titlepage.aux'.

 (./titlepage.tex
Requested font "Minion Pro/OT:script=latn;language=DFLT;mapping=tex-text;mappin
g=tex-text;" at 33.5pt
 -> C:/Windows/fonts/MinionPro-Regular_0.otf
Requested font "Minion Pro/B/OT:script=latn;language=DFLT;mapping=tex-text;mapp
ing=tex-text;" at 33.5pt
 -> C:/Windows/fonts/MinionPro-Semibold.otf
Requested font "^^)^^˚^^—^^$^^˝^^”/OT:script=hani;language=DFLT;" at 33.5pt
 -> C:/Windows/fonts/simhei.ttf
Package microtype Info: Loading generic settings for font family
(microtype)             `ÂçéÊñá‰∏≠ÂÆã' (encoding: EU1).
(microtype)             For optimal results, create family-specific settings.
(microtype)             See the microtype manual for details.
Requested font "Minion Pro/OT:script=latn;language=DFLT;mapping=tex-text;mappin
g=tex-text;" at 20.74pt
 -> C:/Windows/fonts/MinionPro-Regular_0.otf
Requested font "Minion Pro/B/OT:script=latn;language=DFLT;mapping=tex-text;mapp
ing=tex-text;" at 20.74pt
 -> C:/Windows/fonts/MinionPro-Semibold.otf
Requested font "^^)^^˚^^—^^$^^˝^^”/OT:script=hani;language=DFLT;" at 20.74pt
 -> C:/Windows/fonts/simhei.ttf
File: img/ti279a0209.jpg Graphic file (type QTm)
 <use  "img/ti279a0209.jpg" >
File: img/ti279a0205.jpg Graphic file (type QTm)

<use  "img/ti279a0205.jpg" >
File: img/ti279a0217.jpg Graphic file (type QTm)
 <use  "img/ti279a0217.jpg" >
File: img/ti279a0206.jpg Graphic file (type QTm)

<use  "img/ti279a0206.jpg" >
File: img/ti279a0201.jpg Graphic file (type QTm)
 <use  "img/ti279a0201.jpg" >
File: img/ti279a0207.jpg Graphic file (type QTm)

<use  "img/ti279a0207.jpg" >
(i:/texlive/2016/texmf-dist/tex/generic/oberdiek/se-ascii-print.def
File: se-ascii-print.def 2016/05/16 v1.11 stringenc: Printable ASCII characters

)
Package hyperref Info: Anchor `page.1' on input line 70.
 [1


])
Package hyperref Info: Anchor `chapter*.1' on input line 126.
Package hyperref Info: Reference (link) `chapter 1' on input line 126.
Package hyperref Info: Reference (link) `chapter 2' on input line 126.
Package hyperref Info: Reference (link) `chapter 3' on input line 126.
Package hyperref Info: Reference (link) `chapter 4' on input line 126.
Package hyperref Info: Reference (link) `chapter 5' on input line 126.
Package hyperref Info: Reference (link) `chapter 6' on input line 126.
Package hyperref Info: Reference (link) `chapter 7' on input line 126.
Package hyperref Info: Reference (link) `chapter 8' on input line 126.

(./test.toc
Package hyperref Info: Reference (link) `chapter.1' on input line 2.
Requested font "^^%^^Õ^^Œ^^&^^÷^^«^^$^^¯^^Ì^^%^^Ó^^À/OT:script=hani;language=DF
LT;" at 12.0pt
 -> C:/Windows/fonts/STZHONGS.TTF
Package hyperref Info: Reference (link) `chapter 1' on input line 2.
Requested font "Minion Pro/OT:script=latn;language=DFLT;mapping=tex-text;mappin
g=tex-text;" at 14.4pt
 -> C:/Windows/fonts/MinionPro-Regular_0.otf
Requested font "Minion Pro/B/OT:script=latn;language=DFLT;mapping=tex-text;mapp
ing=tex-text;" at 14.4pt
 -> C:/Windows/fonts/MinionPro-Semibold.otf
Requested font "Minion Pro/OT:script=latn;language=DFLT;mapping=tex-text;mappin
g=tex-text;+smcp;" at 14.4pt
 -> C:/Windows/fonts/MinionPro-Regular_0.otf
Missing character: There is no ; in font nullfont!
Package hyperref Info: Reference (link) `chapter.1' on input line 2.
Requested font "^^)^^˚^^—^^$^^˝^^”/OT:script=hani;language=DFLT;" at 14.4pt
 -> C:/Windows/fonts/simhei.ttf
Package hyperref Info: Reference (link) `section.1.1' on input line 3.
Package hyperref Info: Reference (link) `section.1.1' on input line 3.
Requested font "Minion Pro/OT:script=latn;language=DFLT;mapping=tex-text;mappin
g=tex-text;" at 10.95pt
 -> C:/Windows/fonts/MinionPro-Regular_0.otf
Package hyperref Info: Reference (link) `chapter.2' on input line 4.
Package hyperref Info: Reference (link) `chapter 2' on input line 4.
Missing character: There is no ; in font nullfont!
Package hyperref Info: Reference (link) `chapter.2' on input line 4.
Package hyperref Info: Reference (link) `chapter.3' on input line 5.
Package hyperref Info: Reference (link) `chapter 3' on input line 5.
Missing character: There is no ; in font nullfont!
Package hyperref Info: Reference (link) `chapter.3' on input line 5.
Package hyperref Info: Reference (link) `chapter.4' on input line 6.
Package hyperref Info: Reference (link) `chapter 4' on input line 6.
Missing character: There is no ; in font nullfont!
Package hyperref Info: Reference (link) `chapter.4' on input line 6.
Package hyperref Info: Reference (link) `chapter.5' on input line 7.
Package hyperref Info: Reference (link) `chapter 5' on input line 7.
Missing character: There is no ; in font nullfont!
Package hyperref Info: Reference (link) `chapter.5' on input line 7.
Package hyperref Info: Reference (link) `chapter.6' on input line 8.
Package hyperref Info: Reference (link) `chapter 6' on input line 8.
Missing character: There is no ; in font nullfont!
Package hyperref Info: Reference (link) `chapter.6' on input line 8.
Package hyperref Info: Reference (link) `chapter.7' on input line 9.
Package hyperref Info: Reference (link) `chapter 7' on input line 9.
Missing character: There is no ; in font nullfont!
Package hyperref Info: Reference (link) `chapter.7' on input line 9.
Package hyperref Info: Reference (link) `chapter.8' on input line 10.
Package hyperref Info: Reference (link) `chapter 8' on input line 10.
Missing character: There is no ; in font nullfont!
Package hyperref Info: Reference (link) `chapter.8' on input line 10.
)
\tf@toc=\write8
\openout8 = `test.toc'.

Package hyperref Info: Anchor `page.2' on input line 128.
 [2


]
Package hyperref Info: Anchor `chapter.1' on input line 128.

Chapter 1.
Package hyperref Info: bookmark on input line 128:
(hyperref)             thecounter {1}
(hyperref)             text {\protect \numberline {\thechapter }Áî≥ËØ∑ÁØá}
(hyperref)             reference {chapter.1}
(hyperref)             toclevel {0}
(hyperref)             type {toc}.
Package hyperref Info: Anchor `chapter 1' on input line 128.
Package hyperref Info: Reference (link) `chapter 1' on input line 128.
Package hyperref Info: Reference (link) `chapter 2' on input line 128.
Package hyperref Info: Reference (link) `chapter 3' on input line 128.
Package hyperref Info: Reference (link) `chapter 4' on input line 128.
Package hyperref Info: Reference (link) `chapter 5' on input line 128.
Package hyperref Info: Reference (link) `chapter 6' on input line 128.
Package hyperref Info: Reference (link) `chapter 7' on input line 128.
Package hyperref Info: Reference (link) `chapter 8' on input line 128.
Package hyperref Info: Anchor `section.1.1' on input line 130.
Requested font "Minion Pro/OT:script=latn;language=DFLT;mapping=tex-text;mappin
g=tex-text;" at 17.28pt
 -> C:/Windows/fonts/MinionPro-Regular_0.otf
Requested font "Minion Pro/B/OT:script=latn;language=DFLT;mapping=tex-text;mapp
ing=tex-text;" at 17.28pt
 -> C:/Windows/fonts/MinionPro-Semibold.otf
Requested font "^^)^^˚^^—^^$^^˝^^”/OT:script=hani;language=DFLT;" at 17.28pt
 -> C:/Windows/fonts/simhei.ttf
Package hyperref Info: bookmark on input line 130:
(hyperref)             thecounter {1.1}
(hyperref)             text {\ifttl@toclabel \ttl@a \fi ‰∏∫‰ªÄ‰πà‰Ω†Ê≤°ÈÄöËøáÊàëÁöÑÂ•ΩÂèãÁî≥ËØ∑}
(hyperref)             reference {section.1.1}
(hyperref)             toclevel {1}
(hyperref)             type {toc}.
Package hyperref Info: Anchor `Item.1' on input line 133.
Package hyperref Info: Anchor `Item.2' on input line 134.
Package hyperref Info: Anchor `Item.3' on input line 135.
Package hyperref Info: Anchor `Item.4' on input line 136.
Package hyperref Info: Anchor `Item.5' on input line 137.
Package hyperref Info: Anchor `Item.6' on input line 138.
Package hyperref Info: Anchor `Item.7' on input line 139.
Package hyperref Info: Anchor `Item.8' on input line 140.
Package hyperref Info: Anchor `Item.9' on input line 141.
Package hyperref Info: Anchor `Item.10' on input line 142.
Requested font "Minion Pro/OT:script=latn;language=DFLT;mapping=tex-text;mappin
g=tex-text;" at 8.0pt
 -> C:/Windows/fonts/MinionPro-Regular_0.otf
Requested font "Minion Pro/OT:script=latn;language=DFLT;mapping=tex-text;mappin
g=tex-text;" at 6.0pt
 -> C:/Windows/fonts/MinionPro-Regular_0.otf
Requested font "cmmi12" at 12.0pt
 -> i:/texlive/2016/texmf-dist/fonts/tfm/public/cm/cmmi12.tfm
Requested font "cmmi8" at 8.0pt
 -> i:/texlive/2016/texmf-dist/fonts/tfm/public/cm/cmmi8.tfm
Requested font "cmmi6" at 6.0pt
 -> i:/texlive/2016/texmf-dist/fonts/tfm/public/cm/cmmi6.tfm
Requested font "cmsy10" at 12.0pt
 -> i:/texlive/2016/texmf-dist/fonts/tfm/public/cm/cmsy10.tfm
Requested font "cmsy8" at 8.0pt
 -> i:/texlive/2016/texmf-dist/fonts/tfm/public/cm/cmsy8.tfm
Requested font "cmsy6" at 6.0pt
 -> i:/texlive/2016/texmf-dist/fonts/tfm/public/cm/cmsy6.tfm
Requested font "cmex10" at 12.0pt
 -> i:/texlive/2016/texmf-dist/fonts/tfm/public/cm/cmex10.tfm
Requested font "cmex8" at 8.0pt
 -> i:/texlive/2016/texmf-dist/fonts/tfm/public/amsfonts/cmextra/cmex8.tfm
Requested font "cmex7" at 6.0pt
 -> i:/texlive/2016/texmf-dist/fonts/tfm/public/amsfonts/cmextra/cmex7.tfm
LaTeX Font Info:    Try loading font information for U+msa on input line 144.
(i:/texlive/2016/texmf-dist/tex/latex/amsfonts/umsa.fd
File: umsa.fd 2013/01/14 v3.01 AMS symbols A
)
Requested font "msam10" at 12.0pt
 -> i:/texlive/2016/texmf-dist/fonts/tfm/public/amsfonts/symbols/msam10.tfm

(i:/texlive/2016/texmf-dist/tex/latex/microtype/mt-msa.cfg
File: mt-msa.cfg 2006/02/04 v1.1 microtype config. file: AMS symbols (a) (RS)
)
Requested font "msam10" at 8.0pt
 -> i:/texlive/2016/texmf-dist/fonts/tfm/public/amsfonts/symbols/msam10.tfm
Requested font "msam7" at 6.0pt
 -> i:/texlive/2016/texmf-dist/fonts/tfm/public/amsfonts/symbols/msam7.tfm
LaTeX Font Info:    Try loading font information for U+msb on input line 144.

(i:/texlive/2016/texmf-dist/tex/latex/amsfonts/umsb.fd
File: umsb.fd 2013/01/14 v3.01 AMS symbols B
)
Requested font "msbm10" at 12.0pt
 -> i:/texlive/2016/texmf-dist/fonts/tfm/public/amsfonts/symbols/msbm10.tfm

(i:/texlive/2016/texmf-dist/tex/latex/microtype/mt-msb.cfg
File: mt-msb.cfg 2005/06/01 v1.0 microtype config. file: AMS symbols (b) (RS)
)
Requested font "msbm10" at 8.0pt
 -> i:/texlive/2016/texmf-dist/fonts/tfm/public/amsfonts/symbols/msbm10.tfm
Requested font "msbm7" at 6.0pt
 -> i:/texlive/2016/texmf-dist/fonts/tfm/public/amsfonts/symbols/msbm7.tfm

(i:/texlive/2016/texmf-dist/tex/latex/microtype/mt-cmr.cfg
File: mt-cmr.cfg 2013/05/19 v2.2 microtype config. file: Computer Modern Roman 
(RS)
)
Requested font "cmr8" at 8.0pt
 -> i:/texlive/2016/texmf-dist/fonts/tfm/public/cm/cmr8.tfm
Requested font "cmr6" at 6.0pt
 -> i:/texlive/2016/texmf-dist/fonts/tfm/public/cm/cmr6.tfm
Package hyperref Info: Anchor `Item.11' on input line 147.
Package hyperref Info: Anchor `Item.12' on input line 148.
Package hyperref Info: Anchor `Item.13' on input line 149.
Package hyperref Info: Anchor `Item.14' on input line 150.
Package hyperref Info: Anchor `Item.15' on input line 151.
Package hyperref Info: Anchor `Item.16' on input line 152.
Package hyperref Info: Anchor `Item.17' on input line 153.
Package hyperref Info: Anchor `Item.18' on input line 154.
Package hyperref Info: Anchor `Item.19' on input line 155.
Package hyperref Info: Anchor `Item.20' on input line 156.
Package hyperref Info: Anchor `Item.21' on input line 157.
Package hyperref Info: Anchor `Item.22' on input line 158.
Package hyperref Info: Anchor `Item.23' on input line 159.
Package hyperref Info: Anchor `Item.24' on input line 161.
Package hyperref Info: Anchor `page.3' on input line 165.
 [3

]
Package hyperref Info: Reference (link) `chapter 1' on input line 166.
Package hyperref Info: Reference (link) `chapter 2' on input line 166.
Package hyperref Info: Reference (link) `chapter 3' on input line 166.
Package hyperref Info: Reference (link) `chapter 4' on input line 166.
Package hyperref Info: Reference (link) `chapter 5' on input line 166.
Package hyperref Info: Reference (link) `chapter 6' on input line 166.
Package hyperref Info: Reference (link) `chapter 7' on input line 166.
Package hyperref Info: Reference (link) `chapter 8' on input line 166.
Package hyperref Info: Reference (link) `chapter 1' on input line 166.
Package hyperref Info: Reference (link) `chapter 2' on input line 166.
Package hyperref Info: Reference (link) `chapter 3' on input line 166.
Package hyperref Info: Reference (link) `chapter 4' on input line 166.
Package hyperref Info: Reference (link) `chapter 5' on input line 166.
Package hyperref Info: Reference (link) `chapter 6' on input line 166.
Package hyperref Info: Reference (link) `chapter 7' on input line 166.
Package hyperref Info: Reference (link) `chapter 8' on input line 166.
Package hyperref Info: Reference (link) `chapter 1' on input line 166.
Package hyperref Info: Reference (link) `chapter 2' on input line 166.
Package hyperref Info: Reference (link) `chapter 3' on input line 166.
Package hyperref Info: Reference (link) `chapter 4' on input line 166.
Package hyperref Info: Reference (link) `chapter 5' on input line 166.
Package hyperref Info: Reference (link) `chapter 6' on input line 166.
Package hyperref Info: Reference (link) `chapter 7' on input line 166.
Package hyperref Info: Reference (link) `chapter 8' on input line 166.
Package hyperref Info: Anchor `page.4' on input line 166.
 [4]
Package hyperref Info: Anchor `chapter.2' on input line 166.

Chapter 2.
Package hyperref Info: bookmark on input line 166:
(hyperref)             thecounter {2}
(hyperref)             text {\protect \numberline {\thechapter }Â∑•‰Ωú}
(hyperref)             reference {chapter.2}
(hyperref)             toclevel {0}
(hyperref)             type {toc}.
Package hyperref Info: Anchor `chapter 2' on input line 166.
Package hyperref Info: Reference (link) `chapter 1' on input line 166.
Package hyperref Info: Reference (link) `chapter 2' on input line 166.
Package hyperref Info: Reference (link) `chapter 3' on input line 166.
Package hyperref Info: Reference (link) `chapter 4' on input line 166.
Package hyperref Info: Reference (link) `chapter 5' on input line 166.
Package hyperref Info: Reference (link) `chapter 6' on input line 166.
Package hyperref Info: Reference (link) `chapter 7' on input line 166.
Package hyperref Info: Reference (link) `chapter 8' on input line 166.
Package hyperref Info: Anchor `Item.25' on input line 169.
Package hyperref Info: Anchor `Item.26' on input line 170.
Package hyperref Info: Anchor `Item.27' on input line 171.
Package hyperref Info: Anchor `Item.28' on input line 172.
Package hyperref Info: Anchor `Item.29' on input line 173.
Package hyperref Info: Anchor `Item.30' on input line 174.
Package hyperref Info: Anchor `Item.31' on input line 175.
Package hyperref Info: Anchor `Item.32' on input line 176.
Package hyperref Info: Anchor `somecounter.1' on input line 182.
Requested font "Minion Pro/B/OT:script=latn;language=DFLT;mapping=tex-text;mapp
ing=tex-text;" at 12.0pt
 -> C:/Windows/fonts/MinionPro-Semibold.otf
Requested font "^^)^^˚^^—^^$^^˝^^”/OT:script=hani;language=DFLT;" at 12.0pt
 -> C:/Windows/fonts/simhei.ttf
Package hyperref Info: Anchor `page.5' on input line 201.
[5

]
Package hyperref Info: Anchor `chapter.3' on input line 201.

Chapter 3.
Package hyperref Info: bookmark on input line 201:
(hyperref)             thecounter {3}
(hyperref)             text {\protect \numberline {\thechapter }Â≠¶‰π†}
(hyperref)             reference {chapter.3}
(hyperref)             toclevel {0}
(hyperref)             type {toc}.
Package hyperref Info: Anchor `chapter 3' on input line 201.
Package hyperref Info: Reference (link) `chapter 1' on input line 201.
Package hyperref Info: Reference (link) `chapter 2' on input line 201.
Package hyperref Info: Reference (link) `chapter 3' on input line 201.
Package hyperref Info: Reference (link) `chapter 4' on input line 201.
Package hyperref Info: Reference (link) `chapter 5' on input line 201.
Package hyperref Info: Reference (link) `chapter 6' on input line 201.
Package hyperref Info: Reference (link) `chapter 7' on input line 201.
Package hyperref Info: Reference (link) `chapter 8' on input line 201.
Package hyperref Info: Anchor `somecounter.2' on input line 202.
Package hyperref Info: Anchor `Item.33' on input line 212.
Package hyperref Info: Anchor `Item.34' on input line 213.
Package hyperref Info: Anchor `Item.35' on input line 214.
Package hyperref Info: Anchor `Item.36' on input line 215.
Package hyperref Info: Anchor `Item.37' on input line 216.
Package hyperref Info: Anchor `page.6' on input line 221.
[6

]
Package hyperref Info: Anchor `chapter.4' on input line 221.

Chapter 4.
Package hyperref Info: bookmark on input line 221:
(hyperref)             thecounter {4}
(hyperref)             text {\protect \numberline {\thechapter }ÁîüÊ¥ª}
(hyperref)             reference {chapter.4}
(hyperref)             toclevel {0}
(hyperref)             type {toc}.
Package hyperref Info: Anchor `chapter 4' on input line 221.
Package hyperref Info: Reference (link) `chapter 1' on input line 221.
Package hyperref Info: Reference (link) `chapter 2' on input line 221.
Package hyperref Info: Reference (link) `chapter 3' on input line 221.
Package hyperref Info: Reference (link) `chapter 4' on input line 221.
Package hyperref Info: Reference (link) `chapter 5' on input line 221.
Package hyperref Info: Reference (link) `chapter 6' on input line 221.
Package hyperref Info: Reference (link) `chapter 7' on input line 221.
Package hyperref Info: Reference (link) `chapter 8' on input line 221.
Package hyperref Info: Anchor `somecounter.3' on input line 222.
Package hyperref Info: Anchor `page.7' on input line 227.
[7

]
Package hyperref Info: Anchor `chapter.5' on input line 227.

Chapter 5.
Package hyperref Info: bookmark on input line 227:
(hyperref)             thecounter {5}
(hyperref)             text {\protect \numberline {\thechapter }Á§æ‰∫§}
(hyperref)             reference {chapter.5}
(hyperref)             toclevel {0}
(hyperref)             type {toc}.
Package hyperref Info: Anchor `chapter 5' on input line 227.
Package hyperref Info: Reference (link) `chapter 1' on input line 227.
Package hyperref Info: Reference (link) `chapter 2' on input line 227.
Package hyperref Info: Reference (link) `chapter 3' on input line 227.
Package hyperref Info: Reference (link) `chapter 4' on input line 227.
Package hyperref Info: Reference (link) `chapter 5' on input line 227.
Package hyperref Info: Reference (link) `chapter 6' on input line 227.
Package hyperref Info: Reference (link) `chapter 7' on input line 227.
Package hyperref Info: Reference (link) `chapter 8' on input line 227.
Package hyperref Info: Anchor `somecounter.4' on input line 228.
Package hyperref Info: Anchor `somecounter.5' on input line 250.
Package hyperref Info: Anchor `page.8' on input line 256.
[8

]
Package hyperref Info: Anchor `chapter.6' on input line 256.

Chapter 6.
Package hyperref Info: bookmark on input line 256:
(hyperref)             thecounter {6}
(hyperref)             text {\protect \numberline {\thechapter }Ë¥≠Áâ©}
(hyperref)             reference {chapter.6}
(hyperref)             toclevel {0}
(hyperref)             type {toc}.
Package hyperref Info: Anchor `chapter 6' on input line 256.
Package hyperref Info: Reference (link) `chapter 1' on input line 256.
Package hyperref Info: Reference (link) `chapter 2' on input line 256.
Package hyperref Info: Reference (link) `chapter 3' on input line 256.
Package hyperref Info: Reference (link) `chapter 4' on input line 256.
Package hyperref Info: Reference (link) `chapter 5' on input line 256.
Package hyperref Info: Reference (link) `chapter 6' on input line 256.
Package hyperref Info: Reference (link) `chapter 7' on input line 256.
Package hyperref Info: Reference (link) `chapter 8' on input line 256.
Package hyperref Info: Anchor `somecounter.6' on input line 257.
Package hyperref Info: Anchor `page.9' on input line 260.
[9

]
Package hyperref Info: Anchor `chapter.7' on input line 260.

Chapter 7.
Package hyperref Info: bookmark on input line 260:
(hyperref)             thecounter {7}
(hyperref)             text {\protect \numberline {\thechapter }ÊêúÁ¥¢}
(hyperref)             reference {chapter.7}
(hyperref)             toclevel {0}
(hyperref)             type {toc}.
Package hyperref Info: Anchor `chapter 7' on input line 260.
Package hyperref Info: Reference (link) `chapter 1' on input line 260.
Package hyperref Info: Reference (link) `chapter 2' on input line 260.
Package hyperref Info: Reference (link) `chapter 3' on input line 260.
Package hyperref Info: Reference (link) `chapter 4' on input line 260.
Package hyperref Info: Reference (link) `chapter 5' on input line 260.
Package hyperref Info: Reference (link) `chapter 6' on input line 260.
Package hyperref Info: Reference (link) `chapter 7' on input line 260.
Package hyperref Info: Reference (link) `chapter 8' on input line 260.
Package hyperref Info: Anchor `chapter.8' on input line 262.
Chapter 8.
Package hyperref Info: bookmark on input line 262:
(hyperref)             thecounter {8}
(hyperref)             text {\protect \numberline {\thechapter }ÂÜ∑Áü•ËØÜ}
(hyperref)             reference {chapter.8}
(hyperref)             toclevel {0}
(hyperref)             type {toc}.
Package hyperref Info: Anchor `chapter 8' on input line 262.
Package hyperref Info: Reference (link) `chapter 1' on input line 262.
Package hyperref Info: Reference (link) `chapter 2' on input line 262.
Package hyperref Info: Reference (link) `chapter 3' on input line 262.
Package hyperref Info: Reference (link) `chapter 4' on input line 262.
Package hyperref Info: Reference (link) `chapter 5' on input line 262.
Package hyperref Info: Reference (link) `chapter 6' on input line 262.
Package hyperref Info: Reference (link) `chapter 7' on input line 262.
Package hyperref Info: Reference (link) `chapter 8' on input line 262.
Package hyperref Info: Anchor `somecounter.7' on input line 263.
Package hyperref Info: Anchor `somecounter.8' on input line 290.
Package hyperref Info: Anchor `page.10' on input line 295.
[10


]
Package atveryend Info: Empty hook `BeforeClearDocument' on input line 295.
Package atveryend Info: Empty hook `AfterLastShipout' on input line 295.
 (./test.aux (./titlepage.aux))
Package atveryend Info: Empty hook `AtVeryEndDocument' on input line 295.
Package atveryend Info: Empty hook `AtEndAfterFileList' on input line 295.
 ) 
Here is how much of TeX's memory you used:
 43336 strings out of 493591
 847858 string characters out of 6146794
 1044565 words of memory out of 5000000
 46089 multiletter control sequences out of 15000+600000
 8989 words of font info for 76 fonts, out of 8000000 for 9000
 1347 hyphenation exceptions out of 8191
 62i,16n,77p,10437b,872s stack positions out of 5000i,500n,10000p,200000b,80000s

Output written on test.pdf (10 pages).
